2025-09-07 12:57:55,636 - INFO - 
Building memory with β = 32...
2025-09-07 12:57:55,636 - INFO - Building memories from loader...
2025-09-07 12:57:56,065 - INFO - Starting simplified memory building over full dataset...
2025-09-07 13:13:21,448 - INFO - Pixels seen after entire dataset:
2025-09-07 13:13:21,449 - INFO - Class 0: 4826423 seen, 3000 sampled
2025-09-07 13:13:21,449 - INFO - Class 1: 670368 seen, 3000 sampled
2025-09-07 13:13:21,449 - INFO - Class 2: 2411307 seen, 3000 sampled
2025-09-07 13:13:21,449 - INFO - Class 3: 70386 seen, 3000 sampled
2025-09-07 13:13:21,449 - INFO - Class 4: 109169 seen, 3000 sampled
2025-09-07 13:13:21,449 - INFO - Class 5: 157305 seen, 3000 sampled
2025-09-07 13:13:21,450 - INFO - Class 6: 23100 seen, 3000 sampled
2025-09-07 13:13:21,450 - INFO - Class 7: 67866 seen, 3000 sampled
2025-09-07 13:13:21,450 - INFO - Class 8: 1695292 seen, 3000 sampled
2025-09-07 13:13:21,450 - INFO - Class 9: 128484 seen, 3000 sampled
2025-09-07 13:13:21,451 - INFO - Class 10: 380446 seen, 3000 sampled
2025-09-07 13:13:21,452 - INFO - Class 11: 188654 seen, 3000 sampled
2025-09-07 13:13:21,453 - INFO - Class 12: 23842 seen, 3000 sampled
2025-09-07 13:13:21,453 - INFO - Class 13: 972483 seen, 3000 sampled
2025-09-07 13:13:21,454 - INFO - Class 14: 57401 seen, 3000 sampled
2025-09-07 13:13:21,455 - INFO - Class 15: 32698 seen, 3000 sampled
2025-09-07 13:13:21,456 - INFO - Class 16: 31946 seen, 3000 sampled
2025-09-07 13:13:21,456 - INFO - Class 17: 17548 seen, 3000 sampled
2025-09-07 13:13:21,457 - INFO - Class 18: 57291 seen, 3000 sampled
2025-09-07 13:13:21,458 - INFO - OOD (254): 133849 seen, 50000 sampled
2025-09-07 13:13:21,468 - INFO - Within-class average cosine similarities:
2025-09-07 13:13:21,473 - INFO - Class 0: 0.847
2025-09-07 13:13:21,474 - INFO - Class 1: 0.846
2025-09-07 13:13:21,475 - INFO - Class 2: 0.840
2025-09-07 13:13:21,476 - INFO - Class 5: 0.861
2025-09-07 13:13:21,477 - INFO - Class 6: 0.872
2025-09-07 13:13:21,478 - INFO - Class 7: 0.854
2025-09-07 13:13:21,479 - INFO - Class 8: 0.873
2025-09-07 13:13:21,479 - INFO - Class 11: 0.872
2025-09-07 13:13:21,480 - INFO - Class 13: 0.866
2025-09-07 13:13:21,482 - INFO - Class 17: 0.883
2025-09-07 13:13:21,482 - INFO - Class 4: 0.868
2025-09-07 13:13:21,483 - INFO - Class 18: 0.878
2025-09-07 13:13:21,484 - INFO - Class 12: 0.877
2025-09-07 13:13:21,485 - INFO - Class 10: 0.861
2025-09-07 13:13:21,486 - INFO - Class 9: 0.862
2025-09-07 13:13:21,487 - INFO - Class 15: 0.860
2025-09-07 13:13:21,488 - INFO - Class 3: 0.861
2025-09-07 13:13:21,489 - INFO - Class 16: 0.858
2025-09-07 13:13:21,490 - INFO - Class 14: 0.849
2025-09-07 13:13:21,490 - INFO - Between-class average cosine similarities:
2025-09-07 13:13:21,580 - INFO - Average between ID classes: 0.851
2025-09-07 13:13:21,588 - INFO - Average ID-OOD cosine similarity: 0.836
2025-09-07 13:13:21,589 - INFO - ID-OOD Separation Rate: 0.114
2025-09-07 13:13:22,331 - INFO - Memories saved.
2025-09-07 13:13:22,332 - INFO - Memory building completed in 926.3 seconds
2025-09-07 13:13:22,343 - INFO - Memory sizes - ID: 50000, OOD: 50000
2025-09-07 13:13:22,345 - INFO - Memory norms - ID: 1.0000, OOD: 1.0000
2025-09-07 13:13:22,363 - INFO - Energy check - Mean: -0.0798
2025-09-07 13:13:22,363 - WARNING - Negative energies detected—check normalization!
2025-09-07 13:13:22,468 - INFO - Monitoring - ID Mean: -0.045, OOD Mean: -0.044, Separation: 0.001
2025-09-07 13:13:22,468 - WARNING - Low initial ID/OOD separation - check memory quality.
2025-09-07 13:13:22,474 - INFO - HopfieldBoostingManager initialized with aligned beta=32, lambda_ood=0.5
2025-09-07 13:13:22,475 - INFO - Memory built with β=32:
2025-09-07 13:13:22,475 - INFO -  ID: 50000, AUX: 50000, Ratio: 1.00
2025-09-07 13:13:23,087 - INFO - PixelWiseHopfieldTrainer initialization complete with β=32!
2025-09-07 13:13:23,089 - INFO - 
Starting Epoch 1/100
2025-09-07 13:13:23,101 - INFO - ============================================================
2025-09-07 13:13:23,104 - INFO - 
Updating Hopfield boosting weights at epoch 1...
2025-09-07 13:13:25,044 - WARNING - Negative mean energy—verify E_b formula/signs
2025-09-07 13:13:25,051 - INFO - Weights updated successfully
2025-09-07 13:13:25,051 - INFO - Weight Update Debug at Epoch 1: No high-weight OOD pixels found
2025-09-07 13:13:26,135 - INFO - Step 0: labels=[  0   1   2   3   4   5   6   8   9  10  11  12  17  18 255], OOD(254) count=0, Ignore(255) count=62249, is_ood=tensor([False, False])
2025-09-07 13:13:26,638 - WARNING - No anomaly pixels (254) found in batch
2025-09-07 13:13:26,725 - INFO - Step 1: labels=[  0   1   2   5   6   7   8   9  11  12  13  16  18 255], OOD(254) count=0, Ignore(255) count=85951, is_ood=tensor([False, False])
2025-09-07 13:13:27,292 - INFO - Step 2: labels=[  0   1   2   5   6   7   8   9  10  11  13  15 255], OOD(254) count=0, Ignore(255) count=42915, is_ood=tensor([False, False])
2025-09-07 13:13:27,857 - INFO - Step 3: labels=[  0   1   2   4   5   6   7   8   9  10  13 254 255], OOD(254) count=1973, Ignore(255) count=542648, is_ood=tensor([ True, False])
2025-09-07 13:13:28,368 - INFO - Boosted OOD loss: 0.0063
2025-09-07 13:13:28,473 - INFO - Step 4: labels=[  0   1   2   4   5   6   7   8   9  10  11  13  18 255], OOD(254) count=0, Ignore(255) count=256155, is_ood=tensor([False, False])
2025-09-07 13:13:29,038 - INFO - Step 5: labels=[  0   1   2   3   4   5   7   8  10  13  18 254 255], OOD(254) count=19601, Ignore(255) count=610926, is_ood=tensor([False,  True])
2025-09-07 13:13:29,544 - INFO - Boosted OOD loss: 0.0073
2025-09-07 13:13:29,618 - INFO - Step 6: labels=[  0   1   2 255], OOD(254) count=0, Ignore(255) count=419758, is_ood=tensor([False, False])
2025-09-07 13:13:30,182 - INFO - Step 7: labels=[  0   1   2   3   5   7   8  10  11  12  13  18 255], OOD(254) count=0, Ignore(255) count=225437, is_ood=tensor([False, False])
2025-09-07 13:13:30,744 - INFO - Step 8: labels=[  0   1   2   4   5   6   7   8   9  10  11  13  14  15 255], OOD(254) count=0, Ignore(255) count=243130, is_ood=tensor([False, False])
2025-09-07 13:13:31,306 - INFO - Step 9: labels=[  0   1   2   8   9  10  11  13 255], OOD(254) count=0, Ignore(255) count=591021, is_ood=tensor([False, False])
2025-09-07 13:13:34,342 - INFO - Boosted OOD loss: 0.0117
2025-09-07 13:13:36,386 - INFO - Boosted OOD loss: 0.0054
2025-09-07 13:13:36,909 - INFO - Boosted OOD loss: -0.0015
2025-09-07 13:13:37,437 - INFO - Boosted OOD loss: 0.0099
2025-09-07 13:13:42,598 - INFO - Boosted OOD loss: 0.0068
2025-09-07 13:13:43,134 - INFO - Boosted OOD loss: 0.0034
2025-09-07 13:13:44,184 - INFO - Boosted OOD loss: 0.0062
2025-09-07 13:13:51,486 - INFO - Boosted OOD loss: -0.0071
2025-09-07 13:13:53,602 - INFO - Boosted OOD loss: -0.0036
2025-09-07 13:13:56,262 - INFO - Boosted OOD loss: -0.0054
2025-09-07 13:13:58,918 - INFO - Boosted OOD loss: -0.0006
2025-09-07 13:14:00,518 - INFO - Boosted OOD loss: -0.0078
2025-09-07 13:14:04,217 - INFO - Boosted OOD loss: 0.0016
2025-09-07 13:14:05,809 - INFO - Boosted OOD loss: -0.0050
2025-09-07 13:14:06,356 - INFO - Boosted OOD loss: -0.0050
2025-09-07 13:14:09,526 - INFO - Boosted OOD loss: -0.0150
2025-09-07 13:14:11,120 - INFO - Boosted OOD loss: 0.0082
2025-09-07 13:14:12,193 - INFO - Boosted OOD loss: 0.0003
2025-09-07 13:14:14,319 - INFO - Boosted OOD loss: -0.0033
2025-09-07 13:14:16,450 - INFO - Boosted OOD loss: -0.0084
2025-09-07 13:14:17,525 - INFO - Boosted OOD loss: -0.0092
2025-09-07 13:14:18,068 - INFO - Boosted OOD loss: -0.0245
2025-09-07 13:14:18,617 - INFO - Boosted OOD loss: 0.0053
2025-09-07 13:14:19,685 - WARNING - No anomaly pixels (254) found in batch
2025-09-07 13:14:21,796 - INFO - Boosted OOD loss: -0.0277
2025-09-07 13:14:26,025 - INFO - Boosted OOD loss: -0.0122
2025-09-07 13:14:26,569 - INFO - Boosted OOD loss: -0.0199
2025-09-07 13:14:27,115 - INFO - Boosted OOD loss: -0.0181
2025-09-07 13:14:28,188 - INFO - Boosted OOD loss: 0.0007
2025-09-07 13:14:32,409 - INFO - Boosted OOD loss: -0.0118
2025-09-07 13:14:33,477 - INFO - Boosted OOD loss: 0.0147
2025-09-07 13:14:35,070 - INFO - Boosted OOD loss: 0.0104
2025-09-07 13:14:37,188 - INFO - Boosted OOD loss: -0.0162
2025-09-07 13:14:38,769 - INFO - Boosted OOD loss: -0.0153
2025-09-07 13:14:40,883 - INFO - Boosted OOD loss: -0.0177
2025-09-07 13:14:41,422 - INFO - Boosted OOD loss: -0.0325
2025-09-07 13:14:43,540 - INFO - Boosted OOD loss: -0.0194
2025-09-07 13:14:44,608 - INFO - Boosted OOD loss: 0.0010
2025-09-07 13:14:45,157 - INFO - Boosted OOD loss: -0.0053
2025-09-07 13:14:48,323 - INFO - Boosted OOD loss: -0.0157
2025-09-07 13:14:53,052 - INFO - Boosted OOD loss: 0.0011
2025-09-07 13:14:54,644 - INFO - Boosted OOD loss: -0.0272
2025-09-07 13:14:55,189 - INFO - Boosted OOD loss: -0.0248
2025-09-07 13:15:00,453 - INFO - Boosted OOD loss: -0.0285
2025-09-07 13:15:04,669 - INFO - Boosted OOD loss: -0.0234
2025-09-07 13:15:06,790 - INFO - Boosted OOD loss: -0.0214
2025-09-07 13:15:08,381 - INFO - Boosted OOD loss: 0.0203
2025-09-07 13:15:12,597 - WARNING - No anomaly pixels (254) found in batch
2025-09-07 13:15:13,129 - INFO - Boosted OOD loss: -0.0036
2025-09-07 13:15:16,289 - INFO - Boosted OOD loss: -0.0560
2025-09-07 13:15:21,558 - INFO - Boosted OOD loss: -0.0265
2025-09-07 13:15:23,155 - INFO - Boosted OOD loss: -0.0317
2025-09-07 13:15:30,500 - INFO - Boosted OOD loss: 0.0026
2025-09-07 13:15:32,137 - INFO - Boosted OOD loss: -0.0009
2025-09-07 13:15:33,208 - INFO - Boosted OOD loss: -0.0429
2025-09-07 13:15:38,976 - INFO - Boosted OOD loss: 0.0117
2025-09-07 13:15:38,976 - INFO - Step 250 Loss Debug:
2025-09-07 13:15:38,977 - INFO -  CE: 2.6519
2025-09-07 13:15:38,978 - INFO -  OOD: 0.0117
2025-09-07 13:15:38,978 - INFO -  β: 32.00
2025-09-07 13:15:38,978 - INFO -  ID: 6777, OOD(254): 1395
2025-09-07 13:15:39,526 - INFO - Boosted OOD loss: 0.0190
2025-09-07 13:15:40,593 - INFO - Boosted OOD loss: -0.0042
2025-09-07 13:15:43,755 - INFO - Boosted OOD loss: -0.0067
2025-09-07 13:15:44,818 - INFO - Boosted OOD loss: -0.0351
2025-09-07 13:15:47,984 - INFO - Boosted OOD loss: -0.0249
2025-09-07 13:15:48,526 - INFO - Boosted OOD loss: -0.0250
2025-09-07 13:15:53,254 - INFO - Boosted OOD loss: 0.0007
2025-09-07 13:15:54,844 - INFO - Boosted OOD loss: -0.0345
2025-09-07 13:15:59,047 - INFO - Boosted OOD loss: -0.0234
2025-09-07 13:16:01,165 - INFO - Boosted OOD loss: -0.0258
2025-09-07 13:16:02,754 - INFO - Boosted OOD loss: 0.0086
2025-09-07 13:16:03,295 - INFO - Boosted OOD loss: -0.0223
2025-09-07 13:16:05,399 - WARNING - No anomaly pixels (254) found in batch
2025-09-07 13:16:06,983 - INFO - Boosted OOD loss: -0.0196
2025-09-07 13:16:10,129 - INFO - Boosted OOD loss: -0.0607
2025-09-07 13:16:14,837 - INFO - Boosted OOD loss: -0.0356
2025-09-07 13:16:15,380 - INFO - Boosted OOD loss: -0.0240
2025-09-07 13:16:16,965 - INFO - Boosted OOD loss: -0.0292
2025-09-07 13:16:17,507 - INFO - Boosted OOD loss: -0.0120
2025-09-07 13:16:18,048 - INFO - Boosted OOD loss: 0.0239
2025-09-07 13:16:21,192 - INFO - Boosted OOD loss: -0.0304
2025-09-07 13:16:21,735 - INFO - Boosted OOD loss: -0.0183
2025-09-07 13:16:28,030 - INFO - Boosted OOD loss: 0.0339
2025-09-07 13:16:32,242 - INFO - Boosted OOD loss: 0.0103
2025-09-07 13:16:39,056 - INFO - Boosted OOD loss: -0.0086
2025-09-07 13:16:43,775 - INFO - Boosted OOD loss: -0.0388
2025-09-07 13:16:47,970 - INFO - Boosted OOD loss: -0.0324
2025-09-07 13:16:49,557 - INFO - Boosted OOD loss: 0.0012
2025-09-07 13:16:50,099 - INFO - Boosted OOD loss: -0.0345
2025-09-07 13:16:54,823 - INFO - Boosted OOD loss: -0.0267
2025-09-07 13:16:57,970 - WARNING - No anomaly pixels (254) found in batch
2025-09-07 13:17:00,581 - INFO - Boosted OOD loss: -0.0346
2025-09-07 13:17:08,964 - INFO - Boosted OOD loss: 0.0037
2025-09-07 13:17:12,113 - INFO - Boosted OOD loss: -0.0302
2025-09-07 13:17:15,780 - INFO - Boosted OOD loss: -0.0343
2025-09-07 13:17:17,883 - INFO - Boosted OOD loss: 0.0041
2025-09-07 13:17:18,946 - INFO - Boosted OOD loss: -0.0045
2025-09-07 13:17:22,095 - INFO - Boosted OOD loss: 0.0198
2025-09-07 13:17:23,690 - INFO - Boosted OOD loss: 0.0116
2025-09-07 13:17:24,229 - INFO - Boosted OOD loss: -0.0050
2025-09-07 13:17:24,230 - INFO - Step 450 Loss Debug:
2025-09-07 13:17:24,231 - INFO -  CE: 2.3214
2025-09-07 13:17:24,232 - INFO -  OOD: -0.0050
2025-09-07 13:17:24,232 - INFO -  β: 32.00
2025-09-07 13:17:24,232 - INFO -  ID: 6833, OOD(254): 251
2025-09-07 13:17:24,770 - INFO - Boosted OOD loss: 0.0057
2025-09-07 13:17:27,922 - INFO - Boosted OOD loss: 0.0090
2025-09-07 13:17:35,771 - INFO - Boosted OOD loss: -0.0173
2025-09-07 13:17:36,309 - INFO - Boosted OOD loss: -0.0122
2025-09-07 13:17:36,843 - INFO - Boosted OOD loss: -0.0079
2025-09-07 13:17:37,909 - INFO - Boosted OOD loss: -0.0140
2025-09-07 13:17:39,485 - INFO - Boosted OOD loss: -0.0256
2025-09-07 13:17:40,537 - INFO - Boosted OOD loss: -0.0091
2025-09-07 13:17:41,600 - INFO - Boosted OOD loss: 0.0067
2025-09-07 13:17:44,741 - INFO - Boosted OOD loss: -0.0331
2025-09-07 13:17:48,408 - INFO - Boosted OOD loss: 0.0073
2025-09-07 13:17:50,512 - WARNING - No anomaly pixels (254) found in batch
2025-09-07 13:17:56,245 - INFO - Boosted OOD loss: -0.0121
2025-09-07 13:17:57,827 - INFO - Boosted OOD loss: -0.0186
2025-09-07 13:18:00,456 - INFO - Boosted OOD loss: -0.0129
2025-09-07 13:18:02,558 - INFO - Boosted OOD loss: 0.0137
2025-09-07 13:18:03,626 - INFO - Boosted OOD loss: 0.0171
2025-09-07 13:18:05,208 - INFO - Boosted OOD loss: 0.0185
2025-09-07 13:18:06,274 - INFO - Boosted OOD loss: -0.0350
2025-09-07 13:18:08,373 - INFO - Boosted OOD loss: -0.0172
2025-09-07 13:18:09,439 - INFO - Boosted OOD loss: -0.0178
2025-09-07 13:18:11,023 - INFO - Boosted OOD loss: 0.0139
2025-09-07 13:18:15,208 - INFO - Boosted OOD loss: -0.0313
2025-09-07 13:18:19,395 - INFO - Boosted OOD loss: -0.0304
2025-09-07 13:18:19,932 - INFO - Boosted OOD loss: -0.0179
2025-09-07 13:18:21,514 - INFO - Boosted OOD loss: -0.0280
2025-09-07 13:18:22,056 - INFO - Boosted OOD loss: 0.0086
2025-09-07 13:18:22,596 - INFO - Boosted OOD loss: -0.0274
2025-09-07 13:18:30,430 - INFO - Boosted OOD loss: -0.0535
2025-09-07 13:18:32,005 - INFO - Boosted OOD loss: -0.0530
2025-09-07 13:18:39,846 - INFO - Boosted OOD loss: 0.0014
2025-09-07 13:18:40,388 - INFO - Boosted OOD loss: -0.0257
2025-09-07 13:18:42,486 - INFO - Boosted OOD loss: -0.0530
2025-09-07 13:18:43,031 - INFO - Boosted OOD loss: 0.0141
2025-09-07 13:18:43,031 - INFO - Step 600 Loss Debug:
2025-09-07 13:18:43,032 - INFO -  CE: 1.9934
2025-09-07 13:18:43,033 - INFO -  OOD: 0.0141
2025-09-07 13:18:43,033 - INFO -  β: 32.00
2025-09-07 13:18:43,034 - INFO -  ID: 7241, OOD(254): 682
2025-09-07 13:18:44,096 - INFO - Boosted OOD loss: -0.0366
2025-09-07 13:18:45,157 - INFO - Boosted OOD loss: -0.0145
2025-09-07 13:18:55,071 - INFO - Boosted OOD loss: -0.0261
2025-09-07 13:19:00,302 - INFO - Boosted OOD loss: -0.0104
2025-09-07 13:19:01,890 - INFO - Boosted OOD loss: 0.0100
2025-09-07 13:19:02,954 - INFO - Boosted OOD loss: -0.0248
2025-09-07 13:19:09,232 - INFO - Boosted OOD loss: -0.0139
2025-09-07 13:19:09,233 - INFO - Step 650 Loss Debug:
2025-09-07 13:19:09,234 - INFO -  CE: 2.1097
2025-09-07 13:19:09,235 - INFO -  OOD: -0.0139
2025-09-07 13:19:09,235 - INFO -  β: 32.00
2025-09-07 13:19:09,235 - INFO -  ID: 6746, OOD(254): 119
2025-09-07 13:19:14,989 - INFO - Boosted OOD loss: -0.0036
2025-09-07 13:19:17,613 - INFO - Boosted OOD loss: -0.0300
2025-09-07 13:19:18,152 - INFO - Boosted OOD loss: -0.0490
2025-09-07 13:19:18,691 - INFO - Boosted OOD loss: -0.0134
2025-09-07 13:19:25,483 - INFO - Boosted OOD loss: -0.0534
2025-09-07 13:19:28,099 - INFO - Boosted OOD loss: -0.0245
2025-09-07 13:19:29,681 - INFO - Boosted OOD loss: -0.0044
2025-09-07 13:19:31,261 - INFO - Boosted OOD loss: -0.0077
2025-09-07 13:19:31,801 - INFO - Boosted OOD loss: 0.0355
2025-09-07 13:19:35,465 - WARNING - No anomaly pixels (254) found in batch
2025-09-07 13:19:37,553 - INFO - Boosted OOD loss: -0.0296
2025-09-07 13:19:39,137 - INFO - Boosted OOD loss: -0.0232
2025-09-07 13:19:45,416 - INFO - Boosted OOD loss: -0.0360
2025-09-07 13:19:45,951 - INFO - Boosted OOD loss: -0.0214
2025-09-07 13:19:54,313 - INFO - Boosted OOD loss: -0.0089
2025-09-07 13:20:01,623 - INFO - Boosted OOD loss: 0.0272
2025-09-07 13:20:01,624 - INFO - Step 750 Loss Debug:
2025-09-07 13:20:01,625 - INFO -  CE: 2.4793
2025-09-07 13:20:01,625 - INFO -  OOD: 0.0272
2025-09-07 13:20:01,626 - INFO -  β: 32.00
2025-09-07 13:20:01,626 - INFO -  ID: 4359, OOD(254): 779
2025-09-07 13:20:02,690 - INFO - Boosted OOD loss: -0.0412
2025-09-07 13:20:05,299 - INFO - Boosted OOD loss: -0.0324
2025-09-07 13:20:05,832 - INFO - Boosted OOD loss: -0.0426
2025-09-07 13:20:07,936 - INFO - Boosted OOD loss: -0.0357
2025-09-07 13:20:12,115 - INFO - Boosted OOD loss: 0.0135
2025-09-07 13:20:12,655 - INFO - Boosted OOD loss: -0.0278
2025-09-07 13:20:14,232 - INFO - Boosted OOD loss: -0.0572
2025-09-07 13:20:14,775 - INFO - Boosted OOD loss: 0.0173
2025-09-07 13:20:16,354 - INFO - Boosted OOD loss: -0.0187
2025-09-07 13:20:16,889 - INFO - Boosted OOD loss: -0.0324
2025-09-07 13:20:17,952 - INFO - Boosted OOD loss: -0.0103
2025-09-07 13:20:20,051 - INFO - Boosted OOD loss: 0.0028
2025-09-07 13:20:20,593 - INFO - Boosted OOD loss: -0.0045
2025-09-07 13:20:21,654 - INFO - Boosted OOD loss: -0.0433
2025-09-07 13:20:24,793 - INFO - Boosted OOD loss: -0.0025
2025-09-07 13:20:27,939 - WARNING - No anomaly pixels (254) found in batch
2025-09-07 13:20:31,595 - INFO - Boosted OOD loss: -0.0027
2025-09-07 13:20:33,698 - INFO - Boosted OOD loss: -0.0595
2025-09-07 13:20:34,764 - INFO - Boosted OOD loss: -0.0304
2025-09-07 13:20:38,424 - INFO - Boosted OOD loss: 0.0106
2025-09-07 13:20:39,483 - INFO - Boosted OOD loss: 0.0043
2025-09-07 13:20:41,584 - INFO - Boosted OOD loss: -0.0356
2025-09-07 13:20:44,205 - INFO - Boosted OOD loss: -0.0309
2025-09-07 13:20:45,776 - INFO - Boosted OOD loss: -0.0005
2025-09-07 13:20:47,884 - INFO - Boosted OOD loss: 0.0041
2025-09-07 13:20:49,988 - INFO - Boosted OOD loss: 0.0076
2025-09-07 13:20:53,142 - INFO - Boosted OOD loss: -0.0159
2025-09-07 13:20:55,249 - INFO - Boosted OOD loss: -0.0057
2025-09-07 13:20:57,880 - INFO - Boosted OOD loss: 0.0041
2025-09-07 13:20:58,416 - INFO - Boosted OOD loss: -0.0369
2025-09-07 13:21:01,045 - INFO - Boosted OOD loss: -0.0106
2025-09-07 13:21:03,151 - INFO - Boosted OOD loss: -0.0118
2025-09-07 13:21:03,686 - INFO - Boosted OOD loss: -0.0187
2025-09-07 13:21:04,751 - INFO - Boosted OOD loss: -0.0101
2025-09-07 13:21:07,373 - INFO - Boosted OOD loss: 0.0054
2025-09-07 13:21:11,043 - INFO - Boosted OOD loss: -0.0255
2025-09-07 13:21:12,623 - INFO - Boosted OOD loss: -0.0055
2025-09-07 13:21:18,915 - INFO - Boosted OOD loss: -0.0492
2025-09-07 13:21:20,484 - WARNING - No anomaly pixels (254) found in batch
2025-09-07 13:21:25,710 - INFO - Boosted OOD loss: -0.0183
2025-09-07 13:21:28,339 - INFO - Boosted OOD loss: 0.0176
2025-09-07 13:21:29,397 - INFO - Boosted OOD loss: -0.0169
2025-09-07 13:21:29,943 - INFO - Boosted OOD loss: -0.0350
2025-09-07 13:21:32,567 - INFO - Boosted OOD loss: 0.0168
2025-09-07 13:21:42,496 - INFO - Boosted OOD loss: -0.0376
2025-09-07 13:21:43,038 - INFO - Boosted OOD loss: 0.0060
2025-09-07 13:21:44,104 - INFO - Boosted OOD loss: 0.0144
2025-09-07 13:21:47,247 - INFO - Boosted OOD loss: 0.0076
2025-09-07 13:21:47,783 - INFO - Boosted OOD loss: -0.0137
2025-09-07 13:21:51,438 - INFO - Boosted OOD loss: -0.0693
2025-09-07 13:21:51,974 - INFO - Boosted OOD loss: -0.0399
2025-09-07 13:21:52,515 - INFO - Boosted OOD loss: 0.0061
2025-09-07 13:21:55,141 - INFO - Boosted OOD loss: -0.0263
2025-09-07 13:21:55,678 - INFO - Boosted OOD loss: -0.0086
2025-09-07 13:21:57,776 - INFO - Boosted OOD loss: -0.0204
2025-09-07 13:21:58,840 - INFO - Boosted OOD loss: 0.0066
2025-09-07 13:22:02,001 - INFO - Boosted OOD loss: 0.0029
2025-09-07 13:22:04,616 - INFO - Boosted OOD loss: -0.0328
2025-09-07 13:22:06,200 - INFO - Boosted OOD loss: -0.0121
2025-09-07 13:22:08,813 - INFO - Boosted OOD loss: -0.0163
2025-09-07 13:22:11,442 - INFO - Boosted OOD loss: -0.0308
2025-09-07 13:22:12,502 - INFO - Boosted OOD loss: 0.0095
2025-09-07 13:22:13,041 - WARNING - No anomaly pixels (254) found in batch
2025-09-07 13:22:13,570 - INFO - Boosted OOD loss: -0.0195
2025-09-07 13:22:16,189 - INFO - Boosted OOD loss: 0.0086
2025-09-07 13:22:16,736 - INFO - Boosted OOD loss: 0.0193
2025-09-07 13:22:17,277 - INFO - Boosted OOD loss: -0.0119
2025-09-07 13:22:18,338 - INFO - Boosted OOD loss: -0.0256
2025-09-07 13:22:18,878 - INFO - Boosted OOD loss: -0.0187
2025-09-07 13:22:20,977 - INFO - Boosted OOD loss: -0.0251
2025-09-07 13:22:24,636 - INFO - Boosted OOD loss: 0.0074
2025-09-07 13:22:25,695 - INFO - Boosted OOD loss: -0.0427
2025-09-07 13:22:28,315 - INFO - Boosted OOD loss: -0.0295
2025-09-07 13:22:30,414 - INFO - Boosted OOD loss: -0.0224
2025-09-07 13:22:36,683 - INFO - Boosted OOD loss: -0.0265
2025-09-07 13:22:39,310 - INFO - Boosted OOD loss: 0.0181
2025-09-07 13:22:39,310 - INFO - Step 1050 Loss Debug:
2025-09-07 13:22:39,310 - INFO -  CE: 1.8277
2025-09-07 13:22:39,310 - INFO -  OOD: 0.0181
2025-09-07 13:22:39,310 - INFO -  β: 32.00
2025-09-07 13:22:39,311 - INFO -  ID: 6285, OOD(254): 917
2025-09-07 13:22:41,414 - INFO - Boosted OOD loss: -0.0300
2025-09-07 13:22:43,515 - INFO - Boosted OOD loss: -0.0131
2025-09-07 13:22:44,055 - INFO - Boosted OOD loss: -0.0369
2025-09-07 13:22:45,635 - INFO - Boosted OOD loss: -0.0434
2025-09-07 13:22:49,299 - INFO - Boosted OOD loss: 0.0146
2025-09-07 13:22:50,879 - INFO - Boosted OOD loss: -0.0360
2025-09-07 13:22:53,509 - INFO - Boosted OOD loss: -0.0571
2025-09-07 13:22:56,123 - INFO - Boosted OOD loss: -0.0462
2025-09-07 13:23:05,528 - WARNING - No anomaly pixels (254) found in batch
2025-09-07 13:23:11,286 - INFO - Boosted OOD loss: 0.0153
2025-09-07 13:23:14,445 - INFO - Boosted OOD loss: -0.0560
2025-09-07 13:23:15,508 - INFO - Boosted OOD loss: 0.0068
2025-09-07 13:23:18,129 - INFO - Boosted OOD loss: 0.0047
2025-09-07 13:23:19,188 - INFO - Boosted OOD loss: 0.0007
2025-09-07 13:23:23,896 - INFO - Boosted OOD loss: -0.0401
2025-09-07 13:23:26,521 - INFO - Boosted OOD loss: -0.0293
2025-09-07 13:23:27,060 - INFO - Boosted OOD loss: -0.0210
2025-09-07 13:23:34,888 - INFO - Boosted OOD loss: -0.0180
2025-09-07 13:23:36,990 - INFO - Boosted OOD loss: -0.0398
2025-09-07 13:23:39,092 - INFO - Boosted OOD loss: 0.0088
2025-09-07 13:23:39,632 - INFO - Boosted OOD loss: -0.0546
2025-09-07 13:23:47,988 - INFO - Boosted OOD loss: -0.0191
2025-09-07 13:23:51,128 - INFO - Boosted OOD loss: 0.0012
2025-09-07 13:23:54,805 - INFO - Boosted OOD loss: -0.0203
2025-09-07 13:23:57,955 - INFO - Boosted OOD loss: -0.0437
2025-09-07 13:23:57,955 - INFO - Step 1200 Loss Debug:
2025-09-07 13:23:57,956 - INFO -  CE: 2.5815
2025-09-07 13:23:57,957 - INFO -  OOD: -0.0437
2025-09-07 13:23:57,957 - INFO -  β: 32.00
2025-09-07 13:23:57,958 - INFO -  ID: 7908, OOD(254): 17
2025-09-07 13:24:02,147 - INFO - Boosted OOD loss: -0.0536
2025-09-07 13:24:05,286 - INFO - Boosted OOD loss: -0.0382
2025-09-07 13:24:05,825 - INFO - Boosted OOD loss: 0.0239
2025-09-07 13:24:08,456 - INFO - Boosted OOD loss: 0.0118
2025-09-07 13:24:11,596 - INFO - Boosted OOD loss: -0.0319
2025-09-07 13:24:14,223 - INFO - Boosted OOD loss: -0.0339
2025-09-07 13:24:17,374 - INFO - Boosted OOD loss: -0.0155
2025-09-07 13:24:17,913 - INFO - Boosted OOD loss: -0.0262
2025-09-07 13:24:20,012 - INFO - Boosted OOD loss: 0.0275
2025-09-07 13:24:21,072 - INFO - Boosted OOD loss: -0.0221
2025-09-07 13:24:21,607 - INFO - Boosted OOD loss: -0.0259
2025-09-07 13:24:24,228 - INFO - Boosted OOD loss: 0.0221
2025-09-07 13:24:24,229 - INFO - Step 1250 Loss Debug:
2025-09-07 13:24:24,230 - INFO -  CE: 2.1287
2025-09-07 13:24:24,231 - INFO -  OOD: 0.0221
2025-09-07 13:24:24,231 - INFO -  β: 32.00
2025-09-07 13:24:24,231 - INFO -  ID: 6716, OOD(254): 1423
2025-09-07 13:24:26,850 - INFO - Boosted OOD loss: -0.0493
2025-09-07 13:24:27,914 - INFO - Boosted OOD loss: -0.0151
2025-09-07 13:24:33,142 - INFO - Boosted OOD loss: -0.0300
2025-09-07 13:24:33,679 - INFO - Boosted OOD loss: -0.0114
2025-09-07 13:24:35,254 - INFO - Boosted OOD loss: -0.0330
2025-09-07 13:24:36,317 - INFO - Boosted OOD loss: -0.0292
2025-09-07 13:24:39,450 - INFO - Boosted OOD loss: 0.0145
2025-09-07 13:24:40,523 - INFO - Boosted OOD loss: 0.0249
2025-09-07 13:24:41,061 - INFO - Boosted OOD loss: -0.0205
2025-09-07 13:24:43,155 - INFO - Boosted OOD loss: 0.0080
2025-09-07 13:24:44,739 - INFO - Boosted OOD loss: -0.0321
2025-09-07 13:24:45,796 - INFO - Boosted OOD loss: -0.0262
2025-09-07 13:24:50,501 - WARNING - No anomaly pixels (254) found in batch
2025-09-07 13:24:52,600 - INFO - Boosted OOD loss: 0.0063
2025-09-07 13:24:54,699 - INFO - Boosted OOD loss: -0.0260
2025-09-07 13:24:55,238 - INFO - Boosted OOD loss: -0.0314
2025-09-07 13:24:57,858 - INFO - Boosted OOD loss: -0.0224
2025-09-07 13:25:08,816 - INFO - Boosted OOD loss: -0.0299
2025-09-07 13:25:10,394 - INFO - Boosted OOD loss: -0.0280
2025-09-07 13:25:13,019 - INFO - Boosted OOD loss: -0.0227
2025-09-07 13:25:14,081 - INFO - Boosted OOD loss: -0.0045
2025-09-07 13:25:14,619 - INFO - Boosted OOD loss: -0.0555
2025-09-07 13:25:24,027 - INFO - Boosted OOD loss: 0.0016
2025-09-07 13:25:25,088 - INFO - Boosted OOD loss: -0.0631
2025-09-07 13:25:25,628 - INFO - Boosted OOD loss: 0.0049
2025-09-07 13:25:27,218 - INFO - Boosted OOD loss: -0.0164
2025-09-07 13:25:29,831 - INFO - Boosted OOD loss: -0.0059
2025-09-07 13:25:30,378 - INFO - Boosted OOD loss: -0.0484
2025-09-07 13:25:30,916 - INFO - Boosted OOD loss: -0.0081
2025-09-07 13:25:32,487 - INFO - Boosted OOD loss: -0.0386
2025-09-07 13:25:33,028 - INFO - Boosted OOD loss: 0.0005
2025-09-07 13:25:33,569 - INFO - Boosted OOD loss: -0.0234
2025-09-07 13:25:34,626 - INFO - Boosted OOD loss: -0.0064
2025-09-07 13:25:38,301 - INFO - Boosted OOD loss: -0.0215
2025-09-07 13:25:40,407 - INFO - Boosted OOD loss: -0.0342
2025-09-07 13:25:42,509 - INFO - Boosted OOD loss: -0.0143
2025-09-07 13:25:43,044 - WARNING - No anomaly pixels (254) found in batch
2025-09-07 13:25:45,139 - INFO - Boosted OOD loss: -0.0522
2025-09-07 13:25:46,715 - INFO - Boosted OOD loss: -0.0306
2025-09-07 13:25:48,823 - INFO - Boosted OOD loss: -0.0265
2025-09-07 13:25:54,571 - INFO - Boosted OOD loss: 0.0121
2025-09-07 13:25:55,113 - INFO - Boosted OOD loss: -0.0379
2025-09-07 13:25:55,651 - INFO - Boosted OOD loss: 0.0055
2025-09-07 13:25:58,269 - INFO - Boosted OOD loss: -0.0112
2025-09-07 13:25:58,803 - INFO - Boosted OOD loss: -0.0240
2025-09-07 13:25:59,870 - INFO - Boosted OOD loss: 0.0107
2025-09-07 13:26:02,490 - INFO - Boosted OOD loss: -0.0295
2025-09-07 13:26:05,124 - INFO - Boosted OOD loss: -0.0481
2025-09-07 13:26:07,212 - INFO - Boosted OOD loss: -0.0417
2025-09-07 13:26:18,175 - INFO - Boosted OOD loss: -0.0359
2025-09-07 13:26:25,480 - INFO - Boosted OOD loss: -0.0375
2025-09-07 13:26:26,539 - INFO - Boosted OOD loss: -0.0296
2025-09-07 13:26:32,291 - INFO - Boosted OOD loss: 0.0088
2025-09-07 13:26:32,837 - INFO - Boosted OOD loss: -0.0327
2025-09-07 13:26:35,457 - WARNING - No anomaly pixels (254) found in batch
2025-09-07 13:26:39,118 - INFO - Boosted OOD loss: 0.0050
2025-09-07 13:26:39,661 - INFO - Boosted OOD loss: -0.0080
2025-09-07 13:26:44,902 - INFO - Boosted OOD loss: 0.0028
2025-09-07 13:26:51,188 - INFO - Boosted OOD loss: -0.0281
2025-09-07 13:26:51,725 - INFO - Boosted OOD loss: -0.0370
2025-09-07 13:26:52,262 - INFO - Boosted OOD loss: 0.0012
2025-09-07 13:26:54,891 - INFO - Boosted OOD loss: 0.0004
2025-09-07 13:26:55,434 - INFO - Boosted OOD loss: 0.0086
2025-09-07 13:27:00,655 - INFO - Boosted OOD loss: 0.0132
2025-09-07 13:27:05,366 - INFO - Boosted OOD loss: 0.0024
2025-09-07 13:27:07,994 - INFO - Boosted OOD loss: -0.0088
2025-09-07 13:27:09,569 - INFO - Boosted OOD loss: 0.0142
2025-09-07 13:27:12,204 - INFO - Boosted OOD loss: 0.0032
2025-09-07 13:27:17,955 - INFO - Boosted OOD loss: -0.0038
2025-09-07 13:27:18,491 - INFO - Boosted OOD loss: -0.0077
2025-09-07 13:27:19,555 - INFO - Boosted OOD loss: -0.0169
2025-09-07 13:27:21,132 - INFO - Boosted OOD loss: -0.0039
2025-09-07 13:27:22,726 - INFO - Boosted OOD loss: -0.0252
2025-09-07 13:27:26,904 - INFO - Boosted OOD loss: -0.0090
2025-09-07 13:27:27,963 - INFO - Boosted OOD loss: -0.0201
2025-09-07 13:27:27,964 - INFO - Step 1600 Loss Debug:
2025-09-07 13:27:27,965 - INFO -  CE: 2.0079
2025-09-07 13:27:27,966 - INFO -  OOD: -0.0201
2025-09-07 13:27:27,966 - INFO -  β: 32.00
2025-09-07 13:27:27,966 - INFO -  ID: 3981, OOD(254): 26
2025-09-07 13:27:31,633 - INFO - Boosted OOD loss: -0.0063
2025-09-07 13:27:35,299 - INFO - Boosted OOD loss: -0.0312
2025-09-07 13:27:36,355 - INFO - Boosted OOD loss: -0.0377
2025-09-07 13:27:39,502 - INFO - Boosted OOD loss: -0.0094
2025-09-07 13:27:42,636 - INFO - Boosted OOD loss: -0.0398
2025-09-07 13:27:43,698 - INFO - Boosted OOD loss: -0.0265
2025-09-07 13:27:44,235 - INFO - Boosted OOD loss: -0.0244
2025-09-07 13:27:53,648 - INFO - Boosted OOD loss: 0.0031
2025-09-07 13:27:55,229 - INFO - Boosted OOD loss: -0.0420
2025-09-07 13:27:58,380 - INFO - Boosted OOD loss: -0.0269
2025-09-07 13:27:58,914 - INFO - Boosted OOD loss: -0.0567
2025-09-07 13:27:59,976 - INFO - Boosted OOD loss: -0.0149
2025-09-07 13:28:05,205 - INFO - Boosted OOD loss: -0.0350
2025-09-07 13:28:12,512 - INFO - Boosted OOD loss: 0.0125
2025-09-07 13:28:13,571 - INFO - Boosted OOD loss: -0.0265
2025-09-07 13:28:20,361 - INFO - Boosted OOD loss: -0.0384
2025-09-07 13:28:20,362 - INFO - Step 1700 Loss Debug:
2025-09-07 13:28:20,363 - INFO -  CE: 2.0843
2025-09-07 13:28:20,363 - INFO -  OOD: -0.0384
2025-09-07 13:28:20,363 - INFO -  β: 32.00
2025-09-07 13:28:20,363 - INFO -  ID: 7938, OOD(254): 38
2025-09-07 13:28:31,307 - INFO - Boosted OOD loss: -0.0337
2025-09-07 13:28:33,413 - INFO - Boosted OOD loss: 0.0081
2025-09-07 13:28:37,088 - INFO - Boosted OOD loss: -0.0306
2025-09-07 13:28:37,623 - INFO - Boosted OOD loss: -0.0450
2025-09-07 13:28:38,164 - INFO - Boosted OOD loss: -0.0131
2025-09-07 13:28:39,229 - INFO - Boosted OOD loss: 0.0208
2025-09-07 13:28:46,556 - INFO - Boosted OOD loss: -0.0361
2025-09-07 13:28:46,556 - INFO - Step 1750 Loss Debug:
2025-09-07 13:28:46,557 - INFO -  CE: 1.9590
2025-09-07 13:28:46,558 - INFO -  OOD: -0.0361
2025-09-07 13:28:46,558 - INFO -  β: 32.00
2025-09-07 13:28:46,558 - INFO -  ID: 6837, OOD(254): 124
2025-09-07 13:28:49,182 - INFO - Boosted OOD loss: -0.0185
2025-09-07 13:28:51,292 - INFO - Boosted OOD loss: -0.0217
2025-09-07 13:28:53,389 - INFO - Boosted OOD loss: -0.0125
2025-09-07 13:28:56,018 - INFO - Boosted OOD loss: -0.0191
2025-09-07 13:28:56,560 - INFO - Boosted OOD loss: 0.0006
2025-09-07 13:28:57,101 - INFO - Boosted OOD loss: -0.0237
2025-09-07 13:28:58,165 - INFO - Boosted OOD loss: -0.0314
2025-09-07 13:29:02,874 - INFO - Boosted OOD loss: -0.0376
2025-09-07 13:29:03,043 - INFO - Updated beta to 15.83 (exp decay)
2025-09-07 13:29:04,964 - WARNING - Negative mean energy—verify E_b formula/signs
2025-09-07 13:29:04,965 - INFO - Weights updated successfully
2025-09-07 13:29:04,966 - INFO - Advanced epoch 1 - Updated beta: 15.83
2025-09-07 13:29:04,966 - INFO - Epoch 1 - Avg CE: 2.2437, Avg OOD: -0.0031, β: 32
2025-09-07 13:29:05,099 - INFO - 
Starting Epoch 2/100
2025-09-07 13:29:05,100 - INFO - ============================================================
2025-09-07 13:29:05,102 - INFO - 
Updating Hopfield boosting weights at epoch 2...
2025-09-07 13:29:07,022 - WARNING - Negative mean energy—verify E_b formula/signs
2025-09-07 13:29:07,023 - INFO - Weights updated successfully
2025-09-07 13:29:07,024 - INFO - Weight Update Debug at Epoch 2: No high-weight OOD pixels found
2025-09-07 13:29:12,272 - INFO - Boosted OOD loss: -0.0378
2025-09-07 13:29:15,897 - INFO - Boosted OOD loss: -0.0383
2025-09-07 13:29:17,466 - INFO - Boosted OOD loss: -0.0523
2025-09-07 13:29:17,466 - INFO - Step 1800 Loss Debug:
2025-09-07 13:29:17,467 - INFO -  CE: 1.5505
2025-09-07 13:29:17,468 - INFO -  OOD: -0.0523
2025-09-07 13:29:17,468 - INFO -  β: 32.00
2025-09-07 13:29:17,469 - INFO -  ID: 5867, OOD(254): 60
2025-09-07 13:29:25,280 - INFO - Boosted OOD loss: -0.0322
2025-09-07 13:29:25,819 - INFO - Boosted OOD loss: -0.0594
2025-09-07 13:29:34,701 - INFO - Boosted OOD loss: -0.0010
2025-09-07 13:29:38,363 - INFO - Boosted OOD loss: -0.0524
2025-09-07 13:29:48,324 - INFO - Boosted OOD loss: -0.0209
2025-09-07 13:29:50,427 - INFO - Boosted OOD loss: -0.0997
2025-09-07 13:29:52,541 - INFO - Boosted OOD loss: -0.0398
2025-09-07 13:29:56,210 - INFO - Boosted OOD loss: -0.0336
2025-09-07 13:30:00,934 - INFO - Boosted OOD loss: -0.0031
2025-09-07 13:30:09,320 - INFO - Boosted OOD loss: -0.0347
2025-09-07 13:30:09,857 - WARNING - No anomaly pixels (254) found in batch
2025-09-07 13:30:11,952 - INFO - Boosted OOD loss: 0.0030
2025-09-07 13:30:16,685 - INFO - Boosted OOD loss: -0.0419
2025-09-07 13:30:18,275 - INFO - Boosted OOD loss: -0.0087
2025-09-07 13:30:18,820 - INFO - Boosted OOD loss: -0.0572
2025-09-07 13:30:19,883 - INFO - Boosted OOD loss: -0.0093
2025-09-07 13:30:21,991 - INFO - Boosted OOD loss: -0.0683
2025-09-07 13:30:22,534 - INFO - Boosted OOD loss: -0.0508
2025-09-07 13:30:23,594 - INFO - Boosted OOD loss: -0.0627
2025-09-07 13:30:25,705 - INFO - Boosted OOD loss: -0.0764
2025-09-07 13:30:26,762 - INFO - Boosted OOD loss: -0.0448
2025-09-07 13:30:27,302 - INFO - Boosted OOD loss: -0.0561
2025-09-07 13:30:28,369 - INFO - Boosted OOD loss: -0.0517
2025-09-07 13:30:28,911 - INFO - Boosted OOD loss: -0.0628
2025-09-07 13:30:30,495 - INFO - Boosted OOD loss: -0.0592
2025-09-07 13:30:31,037 - INFO - Boosted OOD loss: -0.0651
2025-09-07 13:30:36,808 - INFO - Boosted OOD loss: -0.0733
2025-09-07 13:30:39,965 - INFO - Boosted OOD loss: -0.0281
2025-09-07 13:30:41,550 - INFO - Boosted OOD loss: -0.0216
2025-09-07 13:30:42,617 - INFO - Boosted OOD loss: -0.0500
2025-09-07 13:30:44,202 - INFO - Boosted OOD loss: -0.0546
2025-09-07 13:30:46,316 - INFO - Boosted OOD loss: -0.0681
2025-09-07 13:30:46,854 - INFO - Boosted OOD loss: -0.0656
2025-09-07 13:30:50,534 - INFO - Boosted OOD loss: -0.0229
2025-09-07 13:30:52,124 - INFO - Boosted OOD loss: -0.0172
2025-09-07 13:30:56,841 - INFO - Boosted OOD loss: -0.0543
2025-09-07 13:30:58,426 - INFO - Boosted OOD loss: -0.0542
2025-09-07 13:30:58,963 - INFO - Boosted OOD loss: -0.0587
2025-09-07 13:31:02,626 - INFO - Boosted OOD loss: -0.0616
2025-09-07 13:31:02,626 - INFO - Step 2000 Loss Debug:
2025-09-07 13:31:02,627 - INFO -  CE: 2.1829
2025-09-07 13:31:02,628 - INFO -  OOD: -0.0616
2025-09-07 13:31:02,628 - INFO -  β: 32.00
2025-09-07 13:31:02,628 - INFO -  ID: 7816, OOD(254): 42
2025-09-07 13:31:04,731 - INFO - Boosted OOD loss: -0.0521
2025-09-07 13:31:07,861 - INFO - Boosted OOD loss: -0.0552
2025-09-07 13:31:08,404 - INFO - Boosted OOD loss: -0.0602
2025-09-07 13:31:09,465 - INFO - Boosted OOD loss: -0.0338
2025-09-07 13:31:10,006 - INFO - Boosted OOD loss: -0.0625
2025-09-07 13:31:17,334 - INFO - Boosted OOD loss: -0.0537
2025-09-07 13:31:18,914 - INFO - Boosted OOD loss: -0.0008
2025-09-07 13:31:19,463 - INFO - Boosted OOD loss: -0.0159
2025-09-07 13:31:23,650 - INFO - Boosted OOD loss: -0.0665
2025-09-07 13:31:25,237 - INFO - Boosted OOD loss: -0.0310
2025-09-07 13:31:28,392 - INFO - Boosted OOD loss: -0.0489
2025-09-07 13:31:30,491 - INFO - Boosted OOD loss: -0.0200
2025-09-07 13:31:32,077 - INFO - Boosted OOD loss: -0.0579
2025-09-07 13:31:34,178 - INFO - Boosted OOD loss: -0.0064
2025-09-07 13:31:34,727 - INFO - Boosted OOD loss: -0.0009
2025-09-07 13:31:35,268 - INFO - Boosted OOD loss: -0.0570
2025-09-07 13:31:35,805 - INFO - Boosted OOD loss: -0.0222
2025-09-07 13:31:37,396 - INFO - Boosted OOD loss: -0.0010
2025-09-07 13:31:40,539 - INFO - Boosted OOD loss: -0.0736
2025-09-07 13:31:42,118 - INFO - Boosted OOD loss: -0.0274
2025-09-07 13:31:42,656 - INFO - Boosted OOD loss: -0.0527
2025-09-07 13:31:46,847 - INFO - Boosted OOD loss: -0.0718
2025-09-07 13:31:52,598 - INFO - Boosted OOD loss: -0.0317
2025-09-07 13:31:53,666 - INFO - Boosted OOD loss: -0.0557
2025-09-07 13:31:54,727 - INFO - Boosted OOD loss: -0.0419
2025-09-07 13:31:55,262 - WARNING - No anomaly pixels (254) found in batch
2025-09-07 13:31:56,309 - INFO - Boosted OOD loss: -0.0484
2025-09-07 13:31:58,930 - INFO - Boosted OOD loss: -0.0328
2025-09-07 13:31:59,470 - INFO - Boosted OOD loss: -0.0669
2025-09-07 13:32:00,529 - INFO - Boosted OOD loss: -0.0435
2025-09-07 13:32:05,250 - INFO - Boosted OOD loss: -0.0469
2025-09-07 13:32:07,358 - INFO - Boosted OOD loss: -0.0136
2025-09-07 13:32:07,903 - INFO - Boosted OOD loss: -0.0426
2025-09-07 13:32:09,485 - INFO - Boosted OOD loss: -0.0723
2025-09-07 13:32:12,119 - INFO - Boosted OOD loss: -0.0650
2025-09-07 13:32:13,701 - INFO - Boosted OOD loss: -0.0396
2025-09-07 13:32:16,858 - INFO - Boosted OOD loss: -0.0462
2025-09-07 13:32:18,451 - INFO - Boosted OOD loss: 0.0084
2025-09-07 13:32:18,995 - INFO - Boosted OOD loss: -0.0062
2025-09-07 13:32:19,538 - INFO - Boosted OOD loss: 0.0077
2025-09-07 13:32:23,726 - INFO - Boosted OOD loss: -0.0656
2025-09-07 13:32:24,783 - INFO - Boosted OOD loss: -0.0600
2025-09-07 13:32:26,368 - INFO - Boosted OOD loss: -0.0646
2025-09-07 13:32:29,521 - INFO - Boosted OOD loss: -0.0378
2025-09-07 13:32:30,578 - INFO - Boosted OOD loss: -0.0524
2025-09-07 13:32:31,644 - INFO - Boosted OOD loss: -0.0632
2025-09-07 13:32:32,180 - INFO - Boosted OOD loss: -0.0464
2025-09-07 13:32:35,844 - INFO - Boosted OOD loss: -0.0260
2025-09-07 13:32:44,733 - INFO - Boosted OOD loss: -0.0738
2025-09-07 13:32:45,272 - INFO - Boosted OOD loss: -0.0212
2025-09-07 13:32:47,378 - INFO - Boosted OOD loss: -0.0651
2025-09-07 13:32:47,911 - WARNING - No anomaly pixels (254) found in batch
2025-09-07 13:32:50,010 - INFO - Boosted OOD loss: -0.0338
2025-09-07 13:32:52,123 - INFO - Boosted OOD loss: -0.0556
2025-09-07 13:32:53,706 - INFO - Boosted OOD loss: -0.0505
2025-09-07 13:32:56,342 - INFO - Boosted OOD loss: 0.0017
2025-09-07 13:32:57,404 - INFO - Boosted OOD loss: -0.0847
2025-09-07 13:33:00,038 - INFO - Boosted OOD loss: -0.0311
2025-09-07 13:33:03,194 - INFO - Boosted OOD loss: -0.0295
2025-09-07 13:33:08,422 - INFO - Boosted OOD loss: -0.0473
2025-09-07 13:33:12,093 - INFO - Boosted OOD loss: -0.0973
2025-09-07 13:33:13,155 - INFO - Boosted OOD loss: 0.0026
2025-09-07 13:33:15,269 - INFO - Boosted OOD loss: -0.0020
2025-09-07 13:33:19,977 - INFO - Boosted OOD loss: -0.0445
2025-09-07 13:33:21,039 - INFO - Boosted OOD loss: -0.0118
2025-09-07 13:33:22,621 - INFO - Boosted OOD loss: -0.0538
2025-09-07 13:33:25,771 - INFO - Boosted OOD loss: -0.0299
2025-09-07 13:33:26,315 - INFO - Boosted OOD loss: -0.0126
2025-09-07 13:33:28,935 - INFO - Boosted OOD loss: -0.0652
2025-09-07 13:33:31,565 - INFO - Boosted OOD loss: -0.0379
2025-09-07 13:33:36,286 - INFO - Boosted OOD loss: -0.0344
2025-09-07 13:33:37,349 - INFO - Boosted OOD loss: -0.0361
2025-09-07 13:33:38,420 - INFO - Boosted OOD loss: -0.0075
2025-09-07 13:33:39,480 - INFO - Boosted OOD loss: -0.0323
2025-09-07 13:33:40,019 - INFO - Boosted OOD loss: -0.0051
2025-09-07 13:33:40,557 - WARNING - No anomaly pixels (254) found in batch
2025-09-07 13:33:43,692 - INFO - Boosted OOD loss: -0.0543
2025-09-07 13:33:45,804 - INFO - Boosted OOD loss: -0.0312
2025-09-07 13:33:51,562 - INFO - Boosted OOD loss: -0.0273
2025-09-07 13:46:05,265 - INFO - Boosted OOD loss: -0.0428
2025-09-07 13:46:10,742 - INFO - Boosted OOD loss: -0.0595
2025-09-07 13:46:13,050 - INFO - Boosted OOD loss: -0.0650
2025-09-07 13:46:14,445 - INFO - Boosted OOD loss: -0.0245
2025-09-07 13:46:16,305 - INFO - Boosted OOD loss: -0.0559
2025-09-07 13:46:20,024 - INFO - Boosted OOD loss: -0.0884
2025-09-07 13:46:21,432 - INFO - Boosted OOD loss: -0.0516
2025-09-07 13:46:23,775 - INFO - Boosted OOD loss: -0.0259
2025-09-07 13:46:25,195 - INFO - Boosted OOD loss: -0.0410
2025-09-07 13:46:28,959 - INFO - Boosted OOD loss: -0.0661
2025-09-07 13:46:29,446 - INFO - Boosted OOD loss: 0.0024
2025-09-07 13:46:29,935 - INFO - Boosted OOD loss: -0.0569
2025-09-07 13:46:35,155 - INFO - Boosted OOD loss: -0.0589
2025-09-07 13:46:37,550 - INFO - Boosted OOD loss: 0.0068
2025-09-07 13:46:38,046 - INFO - Boosted OOD loss: -0.0569
2025-09-07 13:46:39,017 - INFO - Boosted OOD loss: -0.0486
2025-09-07 13:46:40,462 - WARNING - No anomaly pixels (254) found in batch
2025-09-07 13:46:40,944 - INFO - Boosted OOD loss: -0.0565
2025-09-07 13:46:42,393 - INFO - Boosted OOD loss: -0.0720
2025-09-07 13:46:42,891 - INFO - Boosted OOD loss: -0.0139
2025-09-07 13:46:45,794 - INFO - Boosted OOD loss: -0.0012
2025-09-07 13:46:46,298 - INFO - Boosted OOD loss: -0.0192
2025-09-07 13:46:46,798 - INFO - Boosted OOD loss: -0.0601
2025-09-07 13:46:48,259 - INFO - Boosted OOD loss: -0.0646
2025-09-07 13:46:48,759 - INFO - Boosted OOD loss: -0.0569
2025-09-07 13:46:49,255 - INFO - Boosted OOD loss: -0.0590
2025-09-07 13:46:49,757 - INFO - Boosted OOD loss: 0.0021
2025-09-07 13:46:52,198 - INFO - Boosted OOD loss: -0.0579
2025-09-07 13:46:52,702 - INFO - Boosted OOD loss: -0.0084
2025-09-07 13:46:53,691 - INFO - Boosted OOD loss: -0.0521
2025-09-07 13:46:56,620 - INFO - Boosted OOD loss: -0.0512
2025-09-07 13:46:57,121 - INFO - Boosted OOD loss: -0.0404
2025-09-07 13:47:05,916 - INFO - Boosted OOD loss: -0.0615
2025-09-07 13:47:06,421 - INFO - Boosted OOD loss: -0.0371
2025-09-07 13:47:12,325 - INFO - Boosted OOD loss: -0.0534
2025-09-07 13:47:18,733 - INFO - Boosted OOD loss: -0.0572
2025-09-07 13:47:19,736 - INFO - Boosted OOD loss: -0.0713
2025-09-07 13:47:22,220 - INFO - Boosted OOD loss: -0.0066
2025-09-07 13:47:23,226 - INFO - Boosted OOD loss: -0.0738
2025-09-07 13:47:29,663 - WARNING - No anomaly pixels (254) found in batch
2025-09-07 13:47:33,136 - INFO - Boosted OOD loss: -0.0197
2025-09-07 13:47:33,650 - INFO - Boosted OOD loss: -0.0756
2025-09-07 13:47:35,650 - INFO - Boosted OOD loss: -0.0219
2025-09-07 13:47:37,161 - INFO - Boosted OOD loss: -0.0492
2025-09-07 13:47:39,663 - INFO - Boosted OOD loss: -0.0230
2025-09-07 13:47:40,681 - INFO - Boosted OOD loss: -0.0346
2025-09-07 13:47:45,191 - INFO - Boosted OOD loss: -0.0424
2025-09-07 13:47:47,711 - INFO - Boosted OOD loss: -0.0043
2025-09-07 13:47:48,732 - INFO - Boosted OOD loss: -0.0374
2025-09-07 13:47:49,250 - INFO - Boosted OOD loss: -0.0214
2025-09-07 13:47:51,272 - INFO - Boosted OOD loss: -0.0672
2025-09-07 13:48:00,324 - INFO - Boosted OOD loss: -0.0105
2025-09-07 13:48:02,862 - INFO - Boosted OOD loss: -0.0200
2025-09-07 13:48:04,893 - INFO - Boosted OOD loss: -0.0430
2025-09-07 13:48:14,507 - INFO - Boosted OOD loss: -0.0415
2025-09-07 13:48:16,047 - INFO - Boosted OOD loss: -0.0444
2025-09-07 13:48:18,611 - INFO - Boosted OOD loss: -0.0351
2025-09-07 13:48:20,160 - INFO - Boosted OOD loss: -0.0226
2025-09-07 13:48:20,161 - INFO - Step 2600 Loss Debug:
2025-09-07 13:48:20,162 - INFO -  CE: 2.4805
2025-09-07 13:48:20,163 - INFO -  OOD: -0.0226
2025-09-07 13:48:20,163 - INFO -  β: 32.00
2025-09-07 13:48:20,163 - INFO -  ID: 6085, OOD(254): 541
2025-09-07 13:48:20,691 - INFO - Boosted OOD loss: -0.0413
2025-09-07 13:48:24,788 - INFO - Boosted OOD loss: -0.0493
2025-09-07 13:48:25,318 - INFO - Boosted OOD loss: -0.0330
2025-09-07 13:48:25,846 - INFO - Boosted OOD loss: -0.0287
2025-09-07 13:48:26,885 - INFO - Boosted OOD loss: -0.0401
2025-09-07 13:48:27,924 - INFO - Boosted OOD loss: -0.0335
2025-09-07 13:48:29,488 - INFO - Boosted OOD loss: 0.0010
2025-09-07 13:48:32,595 - INFO - Boosted OOD loss: -0.0179
2025-09-07 13:48:38,280 - INFO - Boosted OOD loss: -0.0750
2025-09-07 13:48:42,441 - INFO - Boosted OOD loss: -0.0574
2025-09-07 13:48:45,056 - INFO - Boosted OOD loss: -0.0345
2025-09-07 13:48:51,835 - INFO - Boosted OOD loss: -0.0346
2025-09-07 13:48:58,123 - INFO - Boosted OOD loss: -0.0459
2025-09-07 13:49:01,825 - INFO - Boosted OOD loss: -0.0379
2025-09-07 13:49:02,372 - INFO - Boosted OOD loss: -0.0359
2025-09-07 13:49:02,915 - INFO - Boosted OOD loss: -0.0509
2025-09-07 13:49:05,045 - INFO - Boosted OOD loss: -0.0204
2025-09-07 13:49:06,117 - INFO - Boosted OOD loss: -0.0130
2025-09-07 13:49:08,242 - INFO - Boosted OOD loss: -0.0231
2025-09-07 13:49:11,954 - INFO - Boosted OOD loss: -0.0186
2025-09-07 13:49:12,502 - INFO - Boosted OOD loss: -0.0472
2025-09-07 13:49:12,502 - INFO - Step 2700 Loss Debug:
2025-09-07 13:49:12,503 - INFO -  CE: 2.2974
2025-09-07 13:49:12,504 - INFO -  OOD: -0.0472
2025-09-07 13:49:12,505 - INFO -  β: 32.00
2025-09-07 13:49:12,505 - INFO -  ID: 6932, OOD(254): 153
2025-09-07 13:49:13,575 - INFO - Boosted OOD loss: -0.0331
2025-09-07 13:49:17,816 - INFO - Boosted OOD loss: -0.0247
2025-09-07 13:49:22,063 - INFO - Boosted OOD loss: -0.0519
2025-09-07 13:49:22,615 - INFO - Boosted OOD loss: -0.0356
2025-09-07 13:49:24,228 - INFO - Boosted OOD loss: -0.0408
2025-09-07 13:49:24,781 - INFO - Boosted OOD loss: -0.0306
2025-09-07 13:49:25,333 - INFO - Boosted OOD loss: -0.0698
2025-09-07 13:49:30,117 - INFO - Boosted OOD loss: -0.0314
2025-09-07 13:49:34,379 - INFO - Boosted OOD loss: -0.0297
2025-09-07 13:49:35,984 - INFO - Boosted OOD loss: -0.0597
2025-09-07 13:49:41,302 - INFO - Boosted OOD loss: -0.0675
2025-09-07 13:49:42,919 - INFO - Boosted OOD loss: -0.0082
2025-09-07 13:49:46,662 - INFO - Boosted OOD loss: -0.0469
2025-09-07 13:49:52,006 - INFO - Boosted OOD loss: -0.0445
2025-09-07 13:49:53,633 - INFO - Boosted OOD loss: -0.0168
2025-09-07 13:49:55,259 - INFO - Boosted OOD loss: -0.0824
2025-09-07 13:49:57,951 - INFO - Boosted OOD loss: -0.0638
2025-09-07 13:49:59,037 - INFO - Boosted OOD loss: -0.0183
2025-09-07 13:50:02,274 - INFO - Boosted OOD loss: -0.0232
2025-09-07 13:50:03,361 - INFO - Boosted OOD loss: 0.0085
2025-09-07 13:50:06,050 - WARNING - No anomaly pixels (254) found in batch
2025-09-07 13:50:14,619 - INFO - Boosted OOD loss: -0.0478
2025-09-07 13:50:22,134 - INFO - Boosted OOD loss: -0.0539
2025-09-07 13:50:22,686 - INFO - Boosted OOD loss: -0.0556
2025-09-07 13:50:24,318 - INFO - Boosted OOD loss: -0.0752
2025-09-07 13:50:27,557 - INFO - Boosted OOD loss: -0.0254
2025-09-07 13:50:36,694 - INFO - Boosted OOD loss: -0.0543
2025-09-07 13:50:41,555 - INFO - Boosted OOD loss: -0.0547
2025-09-07 13:50:43,190 - INFO - Boosted OOD loss: -0.0533
2025-09-07 13:50:46,982 - INFO - Boosted OOD loss: -0.0630
2025-09-07 13:50:51,309 - INFO - Boosted OOD loss: -0.0727
2025-09-07 13:50:52,943 - INFO - Boosted OOD loss: -0.0554
2025-09-07 13:50:56,199 - INFO - Boosted OOD loss: -0.0785
2025-09-07 13:50:59,987 - WARNING - No anomaly pixels (254) found in batch
2025-09-07 13:51:02,151 - INFO - Boosted OOD loss: -0.0489
2025-09-07 13:51:04,859 - INFO - Boosted OOD loss: -0.0810
2025-09-07 13:51:11,876 - INFO - Boosted OOD loss: -0.0724
2025-09-07 13:51:15,674 - INFO - Boosted OOD loss: -0.0595
2025-09-07 13:51:18,395 - INFO - Boosted OOD loss: -0.0434
2025-09-07 13:51:19,494 - INFO - Boosted OOD loss: -0.0235
2025-09-07 13:51:22,765 - INFO - Boosted OOD loss: -0.0071
2025-09-07 13:51:23,871 - INFO - Boosted OOD loss: -0.0339
2025-09-07 13:51:26,576 - INFO - Boosted OOD loss: -0.0514
2025-09-07 13:51:27,136 - INFO - Boosted OOD loss: -0.0299
2025-09-07 13:51:27,137 - INFO - Step 2950 Loss Debug:
2025-09-07 13:51:27,138 - INFO -  CE: 1.7788
2025-09-07 13:51:27,139 - INFO -  OOD: -0.0299
2025-09-07 13:51:27,139 - INFO -  β: 32.00
2025-09-07 13:51:27,139 - INFO -  ID: 5807, OOD(254): 308
2025-09-07 13:51:28,777 - INFO - Boosted OOD loss: -0.0625
2025-09-07 13:51:29,331 - INFO - Boosted OOD loss: -0.0576
2025-09-07 13:51:30,433 - INFO - Boosted OOD loss: -0.0714
2025-09-07 13:51:31,526 - INFO - Boosted OOD loss: -0.0529
2025-09-07 13:51:34,246 - INFO - Boosted OOD loss: -0.0051
2025-09-07 13:51:36,963 - INFO - Boosted OOD loss: -0.0212
2025-09-07 13:51:39,676 - INFO - Boosted OOD loss: -0.0560
2025-09-07 13:51:42,931 - INFO - Boosted OOD loss: -0.0256
2025-09-07 13:51:45,105 - INFO - Boosted OOD loss: -0.0378
2025-09-07 13:51:54,253 - WARNING - No anomaly pixels (254) found in batch
2025-09-07 13:51:55,869 - INFO - Boosted OOD loss: -0.0623
2025-09-07 13:52:00,710 - INFO - Boosted OOD loss: -0.0294
2025-09-07 13:52:01,801 - INFO - Boosted OOD loss: -0.0261
2025-09-07 13:52:02,355 - INFO - Boosted OOD loss: -0.0405
2025-09-07 13:52:02,912 - INFO - Boosted OOD loss: -0.0184
2025-09-07 13:52:06,136 - INFO - Boosted OOD loss: -0.0458
2025-09-07 13:52:08,285 - INFO - Boosted OOD loss: -0.0501
2025-09-07 13:52:12,580 - INFO - Boosted OOD loss: -0.0578
2025-09-07 13:52:13,133 - INFO - Boosted OOD loss: -0.0475
2025-09-07 13:52:14,215 - INFO - Boosted OOD loss: -0.0642
2025-09-07 13:52:16,363 - INFO - Boosted OOD loss: -0.0481
2025-09-07 13:52:17,987 - INFO - Boosted OOD loss: -0.0316
2025-09-07 13:52:19,603 - INFO - Boosted OOD loss: -0.0027
2025-09-07 13:52:22,805 - INFO - Boosted OOD loss: -0.0083
2025-09-07 13:52:36,616 - INFO - Boosted OOD loss: 0.0107
2025-09-07 13:52:40,332 - INFO - Boosted OOD loss: -0.0762
2025-09-07 13:52:41,943 - INFO - Boosted OOD loss: -0.0126
2025-09-07 13:52:45,661 - INFO - Boosted OOD loss: -0.0326
2025-09-07 13:52:47,793 - INFO - Boosted OOD loss: -0.0185
2025-09-07 13:52:47,794 - INFO - Step 3100 Loss Debug:
2025-09-07 13:52:47,795 - INFO -  CE: 1.7030
2025-09-07 13:52:47,796 - INFO -  OOD: -0.0185
2025-09-07 13:52:47,796 - INFO -  β: 32.00
2025-09-07 13:52:47,796 - INFO -  ID: 6906, OOD(254): 1097
2025-09-07 13:52:52,571 - INFO - Boosted OOD loss: -0.0615
2025-09-07 13:52:53,638 - INFO - Boosted OOD loss: -0.0406
2025-09-07 13:52:54,715 - INFO - Boosted OOD loss: -0.0398
2025-09-07 13:52:56,313 - INFO - Boosted OOD loss: -0.0506
2025-09-07 13:52:57,382 - INFO - Boosted OOD loss: -0.0209
2025-09-07 13:53:00,565 - INFO - Boosted OOD loss: -0.0220
2025-09-07 13:53:01,638 - INFO - Boosted OOD loss: -0.0438
2025-09-07 13:53:02,180 - INFO - Boosted OOD loss: -0.0762
2025-09-07 13:53:03,775 - INFO - Boosted OOD loss: -0.0239
2025-09-07 13:53:04,322 - INFO - Boosted OOD loss: -0.0473
2025-09-07 13:53:08,551 - INFO - Boosted OOD loss: -0.0070
2025-09-07 13:53:15,932 - INFO - Boosted OOD loss: -0.0934
2025-09-07 13:53:17,525 - INFO - Boosted OOD loss: -0.0557
2025-09-07 13:53:24,896 - INFO - Boosted OOD loss: -0.0188
2025-09-07 13:53:25,963 - INFO - Boosted OOD loss: -0.0341
2025-09-07 13:53:29,651 - INFO - Boosted OOD loss: -0.0514
2025-09-07 13:53:31,772 - INFO - Boosted OOD loss: -0.0367
2025-09-07 13:53:32,842 - INFO - Boosted OOD loss: -0.0504
2025-09-07 13:53:36,536 - INFO - Boosted OOD loss: -0.0408
2025-09-07 13:53:40,738 - WARNING - No anomaly pixels (254) found in batch
2025-09-07 13:53:41,272 - INFO - Boosted OOD loss: -0.0126
2025-09-07 13:53:48,615 - INFO - Boosted OOD loss: -0.0391
2025-09-07 13:53:52,825 - INFO - Boosted OOD loss: -0.0055
2025-09-07 13:53:53,899 - INFO - Boosted OOD loss: -0.0233
2025-09-07 13:53:55,479 - INFO - Boosted OOD loss: -0.0649
2025-09-07 13:53:58,642 - INFO - Boosted OOD loss: -0.0054
2025-09-07 13:53:59,188 - INFO - Boosted OOD loss: -0.0106
2025-09-07 13:54:09,164 - INFO - Boosted OOD loss: -0.0153
2025-09-07 13:54:10,750 - INFO - Boosted OOD loss: -0.0167
2025-09-07 13:54:12,343 - INFO - Boosted OOD loss: -0.0424
2025-09-07 13:54:13,409 - INFO - Boosted OOD loss: -0.0592
2025-09-07 13:54:13,948 - INFO - Boosted OOD loss: -0.0596
2025-09-07 13:54:16,578 - INFO - Boosted OOD loss: -0.0426
2025-09-07 13:54:17,121 - INFO - Boosted OOD loss: -0.0384
2025-09-07 13:54:20,805 - INFO - Boosted OOD loss: -0.0380
2025-09-07 13:54:21,346 - INFO - Boosted OOD loss: -0.0207
2025-09-07 13:54:21,889 - INFO - Boosted OOD loss: -0.0686
2025-09-07 13:54:22,426 - INFO - Boosted OOD loss: -0.0320
2025-09-07 13:54:25,586 - INFO - Boosted OOD loss: -0.0401
2025-09-07 13:54:26,131 - INFO - Boosted OOD loss: -0.0754
2025-09-07 13:54:28,766 - INFO - Boosted OOD loss: -0.0564
2025-09-07 13:54:30,354 - INFO - Boosted OOD loss: -0.0685
2025-09-07 13:54:30,893 - INFO - Boosted OOD loss: -0.0652
2025-09-07 13:54:33,517 - INFO - Boosted OOD loss: -0.0365
2025-09-07 13:54:33,518 - INFO - Step 3300 Loss Debug:
2025-09-07 13:54:33,519 - INFO -  CE: 1.6654
2025-09-07 13:54:33,520 - INFO -  OOD: -0.0365
2025-09-07 13:54:33,520 - INFO -  β: 32.00
2025-09-07 13:54:33,520 - INFO -  ID: 7462, OOD(254): 398
2025-09-07 13:54:34,058 - INFO - Boosted OOD loss: -0.0643
2025-09-07 13:54:39,828 - INFO - Boosted OOD loss: -0.0667
2025-09-07 13:54:40,373 - INFO - Boosted OOD loss: -0.0215
2025-09-07 13:54:40,917 - INFO - Boosted OOD loss: -0.0302
2025-09-07 13:54:48,779 - INFO - Boosted OOD loss: -0.0225
2025-09-07 13:54:49,844 - INFO - Boosted OOD loss: -0.0472
2025-09-07 13:54:51,438 - INFO - Boosted OOD loss: -0.0679
2025-09-07 13:54:54,067 - INFO - Boosted OOD loss: -0.0441
2025-09-07 13:54:57,224 - INFO - Boosted OOD loss: -0.0880
2025-09-07 13:54:57,759 - INFO - Boosted OOD loss: -0.0417
2025-09-07 13:55:05,608 - INFO - Boosted OOD loss: -0.0960
2025-09-07 13:55:08,759 - INFO - Boosted OOD loss: -0.0834
2025-09-07 13:55:10,337 - INFO - Boosted OOD loss: -0.0310
2025-09-07 13:55:12,447 - INFO - Boosted OOD loss: -0.0471
2025-09-07 13:55:12,986 - INFO - Boosted OOD loss: -0.0393
2025-09-07 13:55:18,747 - INFO - Boosted OOD loss: -0.0251
2025-09-07 13:55:23,457 - INFO - Boosted OOD loss: -0.0459
2025-09-07 13:55:25,562 - INFO - Boosted OOD loss: -0.0606
2025-09-07 13:55:26,095 - WARNING - No anomaly pixels (254) found in batch
2025-09-07 13:55:27,669 - INFO - Boosted OOD loss: -0.0008
2025-09-07 13:55:28,215 - INFO - Boosted OOD loss: -0.0606
2025-09-07 13:55:29,276 - INFO - Boosted OOD loss: -0.0464
2025-09-07 13:55:30,865 - INFO - Boosted OOD loss: -0.0543
2025-09-07 13:55:32,962 - INFO - Boosted OOD loss: -0.0508
2025-09-07 13:55:37,674 - INFO - Boosted OOD loss: -0.0384
2025-09-07 13:55:42,394 - INFO - Boosted OOD loss: -0.0724
2025-09-07 13:55:50,255 - INFO - Boosted OOD loss: -0.0154
2025-09-07 13:55:51,320 - INFO - Boosted OOD loss: -0.0225
2025-09-07 13:55:56,033 - INFO - Boosted OOD loss: -0.0681
2025-09-07 13:55:57,101 - INFO - Boosted OOD loss: -0.0052
2025-09-07 13:55:57,637 - INFO - Boosted OOD loss: -0.0785
2025-09-07 13:55:59,216 - INFO - Boosted OOD loss: -0.0375
2025-09-07 13:55:59,754 - INFO - Boosted OOD loss: -0.0720
2025-09-07 13:56:01,331 - INFO - Boosted OOD loss: -0.0409
2025-09-07 13:56:02,391 - INFO - Boosted OOD loss: -0.0125
