2025-09-08 08:34:27,937 - INFO - Initializing models...
2025-09-08 08:34:29,322 - INFO - Initializing training components...
2025-09-08 08:34:29,323 - INFO - Initializing advanced boosting components...
2025-09-08 08:34:29,323 - INFO - 
Building memory with β = 32...
2025-09-08 08:34:29,324 - ERROR - Failed to initialize boosting: type object 'SimplifiedMemoryBuilder' has no attribute 'build_from_loader'
2025-09-08 08:34:29,528 - INFO - Monitoring - ID Mean: 0.144, OOD Mean: 0.144, Separation: 0.000
2025-09-08 08:34:29,528 - ERROR - Error during initial separation check: Low initial ID/OOD separation - rebuild memories
2025-09-08 08:34:29,528 - INFO - HopfieldBoostingManager initialized with aligned beta=32, lambda_ood=1.0
2025-09-08 08:34:29,529 - INFO - PixelWiseHopfieldTrainer initialization complete with β=32!
2025-09-08 08:34:29,530 - INFO - 
Starting Epoch 1/100
2025-09-08 08:34:29,531 - INFO - ============================================================
2025-09-08 08:34:29,533 - INFO - 
Updating Hopfield boosting weights at epoch 1...
2025-09-08 08:34:39,047 - INFO - Weights updated successfully
2025-09-08 08:34:40,551 - INFO - Energy stats: β=32, min=0.0727, max=0.6962, mean=0.4462, id_mean=0.4165, ood_mean=0.4858, id_hist=[2000.0, 0.0, 0.0, 0.0, 0.0], ood_hist=[1499.0, 0.0, 0.0, 0.0, 0.0], id_quantiles=[0.16491064429283142, 0.4027876853942871, 0.6643720865249634], ood_quantiles=[0.1538935899734497, 0.6506569385528564, 0.6684308052062988]
2025-09-08 08:34:40,553 - INFO - Boosted OOD loss: 0.7883
2025-09-08 08:34:40,554 - ERROR - Loss computation error: Feature dimension mismatch. Memory: 128, Features: 1. Ensure consistent dims upstream.
2025-09-08 08:34:40,556 - WARNING - Invalid total_loss: 0.0. Skipping batch.
2025-09-08 08:34:41,036 - INFO - Energy stats: β=32, min=0.0456, max=0.7029, mean=0.4843, id_mean=0.4252, ood_mean=0.5882, id_hist=[2000.0, 0.0, 0.0, 0.0, 0.0], ood_hist=[1138.0, 0.0, 0.0, 0.0, 0.0], id_quantiles=[0.17770664393901825, 0.44074708223342896, 0.666905403137207], ood_quantiles=[0.6375471353530884, 0.6602739691734314, 0.6705644130706787]
2025-09-08 08:34:41,037 - INFO - Boosted OOD loss: 0.8286
2025-09-08 08:34:41,038 - ERROR - Loss computation error: Feature dimension mismatch. Memory: 128, Features: 1. Ensure consistent dims upstream.
2025-09-08 08:34:41,040 - WARNING - Invalid total_loss: 0.0. Skipping batch.
2025-09-08 08:34:42,475 - INFO - Energy stats: β=32, min=0.2000, max=0.6980, mean=0.6000, id_mean=0.5737, ood_mean=0.6520, id_hist=[2000.0, 0.0, 0.0, 0.0, 0.0], ood_hist=[1012.0, 0.0, 0.0, 0.0, 0.0], id_quantiles=[0.4815884232521057, 0.5645110607147217, 0.6675630807876587], ood_quantiles=[0.6499665975570679, 0.6621710062026978, 0.6708903312683105]
2025-09-08 08:34:42,477 - INFO - Boosted OOD loss: 1.0389
2025-09-08 08:34:42,477 - ERROR - Loss computation error: Feature dimension mismatch. Memory: 128, Features: 1. Ensure consistent dims upstream.
2025-09-08 08:34:42,480 - WARNING - Invalid total_loss: 0.0. Skipping batch.
2025-09-08 08:34:42,956 - INFO - Energy stats: β=32, min=0.0752, max=0.7073, mean=0.4189, id_mean=0.4187, ood_mean=0.4190, id_hist=[2000.0, 0.0, 0.0, 0.0, 0.0], ood_hist=[2000.0, 0.0, 0.0, 0.0, 0.0], id_quantiles=[0.17938026785850525, 0.40166768431663513, 0.6619627475738525], ood_quantiles=[0.18288254737854004, 0.3735355734825134, 0.6623155474662781]
2025-09-08 08:34:42,957 - INFO - Boosted OOD loss: 0.7701
2025-09-08 08:34:42,958 - ERROR - Loss computation error: Feature dimension mismatch. Memory: 128, Features: 1. Ensure consistent dims upstream.
2025-09-08 08:34:42,960 - WARNING - Invalid total_loss: 0.0. Skipping batch.
2025-09-08 08:34:43,439 - INFO - Energy stats: β=32, min=0.0433, max=0.7067, mean=0.4199, id_mean=0.3782, ood_mean=0.4785, id_hist=[2000.0, 0.0, 0.0, 0.0, 0.0], ood_hist=[1423.0, 0.0, 0.0, 0.0, 0.0], id_quantiles=[0.08766995370388031, 0.3707681894302368, 0.6655696630477905], ood_quantiles=[0.0592615008354187, 0.6541654467582703, 0.6683876514434814]
2025-09-08 08:34:43,440 - INFO - Boosted OOD loss: 0.7506
2025-09-08 08:34:43,441 - ERROR - Loss computation error: Feature dimension mismatch. Memory: 128, Features: 1. Ensure consistent dims upstream.
2025-09-08 08:34:43,443 - WARNING - Invalid total_loss: 0.0. Skipping batch.
2025-09-08 08:34:44,852 - INFO - Energy stats: β=32, min=0.0433, max=0.7048, mean=0.3637, id_mean=0.3619, ood_mean=0.3655, id_hist=[2000.0, 0.0, 0.0, 0.0, 0.0], ood_hist=[2000.0, 0.0, 0.0, 0.0, 0.0], id_quantiles=[0.057367175817489624, 0.3483586609363556, 0.6627126932144165], ood_quantiles=[0.06171375513076782, 0.32305508852005005, 0.662582516670227]
2025-09-08 08:34:44,854 - INFO - Boosted OOD loss: 0.6960
2025-09-08 08:34:44,854 - ERROR - Loss computation error: Feature dimension mismatch. Memory: 128, Features: 1. Ensure consistent dims upstream.
2025-09-08 08:34:44,856 - WARNING - Invalid total_loss: 0.0. Skipping batch.
2025-09-08 08:34:46,730 - INFO - Energy stats: β=32, min=0.0454, max=0.7000, mean=0.4388, id_mean=0.4182, ood_mean=0.4656, id_hist=[2000.0, 0.0, 0.0, 0.0, 0.0], ood_hist=[1535.0, 0.0, 0.0, 0.0, 0.0], id_quantiles=[0.19107918441295624, 0.40287116169929504, 0.6639533042907715], ood_quantiles=[0.11661714315414429, 0.650550901889801, 0.667015552520752]
2025-09-08 08:34:46,731 - INFO - Boosted OOD loss: 0.7859
2025-09-08 08:34:46,731 - ERROR - Loss computation error: Feature dimension mismatch. Memory: 128, Features: 1. Ensure consistent dims upstream.
2025-09-08 08:34:46,734 - WARNING - Invalid total_loss: 0.0. Skipping batch.
2025-09-08 08:34:47,214 - INFO - Energy stats: β=32, min=0.0814, max=0.7008, mean=0.4490, id_mean=0.4408, ood_mean=0.4587, id_hist=[2000.0, 0.0, 0.0, 0.0, 0.0], ood_hist=[1706.0, 0.0, 0.0, 0.0, 0.0], id_quantiles=[0.20547619462013245, 0.43675822019577026, 0.6631278991699219], ood_quantiles=[0.17819252610206604, 0.641159176826477, 0.6659340858459473]
2025-09-08 08:34:47,216 - INFO - Boosted OOD loss: 0.8112
2025-09-08 08:34:47,216 - ERROR - Loss computation error: Feature dimension mismatch. Memory: 128, Features: 1. Ensure consistent dims upstream.
2025-09-08 08:34:47,218 - WARNING - Invalid total_loss: 0.0. Skipping batch.
2025-09-08 08:34:52,847 - INFO - Energy stats: β=32, min=0.0476, max=0.6965, mean=0.5216, id_mean=0.4586, ood_mean=0.6452, id_hist=[2000.0, 0.0, 0.0, 0.0, 0.0], ood_hist=[1021.0, 0.0, 0.0, 0.0, 0.0], id_quantiles=[0.25321221351623535, 0.44959166646003723, 0.6674193739891052], ood_quantiles=[0.6487892270088196, 0.6615011692047119, 0.6705551743507385]
2025-09-08 08:34:52,849 - INFO - Boosted OOD loss: 0.8844
2025-09-08 08:34:52,849 - ERROR - Loss computation error: Feature dimension mismatch. Memory: 128, Features: 1. Ensure consistent dims upstream.
2025-09-08 08:34:52,851 - WARNING - Invalid total_loss: 0.0. Skipping batch.
2025-09-08 08:34:53,334 - INFO - Energy stats: β=32, min=0.0445, max=0.6976, mean=0.5151, id_mean=0.4515, ood_mean=0.6380, id_hist=[2000.0, 0.0, 0.0, 0.0, 0.0], ood_hist=[1036.0, 0.0, 0.0, 0.0, 0.0], id_quantiles=[0.24302487075328827, 0.46973279118537903, 0.6674341559410095], ood_quantiles=[0.6492714881896973, 0.6628372669219971, 0.6710510849952698]
2025-09-08 08:34:53,335 - INFO - Boosted OOD loss: 0.8740
2025-09-08 08:34:53,336 - ERROR - Loss computation error: Feature dimension mismatch. Memory: 128, Features: 1. Ensure consistent dims upstream.
2025-09-08 08:34:53,338 - WARNING - Invalid total_loss: 0.0. Skipping batch.
2025-09-08 08:34:53,823 - INFO - Energy stats: β=32, min=0.0931, max=0.6920, mean=0.4541, id_mean=0.4681, ood_mean=0.4402, id_hist=[2000.0, 0.0, 0.0, 0.0, 0.0], ood_hist=[2000.0, 0.0, 0.0, 0.0, 0.0], id_quantiles=[0.28931623697280884, 0.45473793148994446, 0.6623522639274597], ood_quantiles=[0.22397959232330322, 0.4194706678390503, 0.6626387238502502]
2025-09-08 08:34:53,825 - INFO - Boosted OOD loss: 0.8392
2025-09-08 08:34:53,825 - ERROR - Loss computation error: Feature dimension mismatch. Memory: 128, Features: 1. Ensure consistent dims upstream.
2025-09-08 08:34:53,827 - WARNING - Invalid total_loss: 0.0. Skipping batch.
2025-09-08 08:34:56,204 - INFO - Energy stats: β=32, min=0.0921, max=0.7065, mean=0.4167, id_mean=0.4193, ood_mean=0.4142, id_hist=[2000.0, 0.0, 0.0, 0.0, 0.0], ood_hist=[2000.0, 0.0, 0.0, 0.0, 0.0], id_quantiles=[0.16525982320308685, 0.42533043026924133, 0.6626632213592529], ood_quantiles=[0.16906791925430298, 0.36766958236694336, 0.6626132130622864]
2025-09-08 08:34:56,205 - INFO - Boosted OOD loss: 0.7690
2025-09-08 08:34:56,205 - ERROR - Loss computation error: Feature dimension mismatch. Memory: 128, Features: 1. Ensure consistent dims upstream.
2025-09-08 08:34:56,208 - WARNING - Invalid total_loss: 0.0. Skipping batch.
2025-09-08 08:34:56,691 - INFO - Energy stats: β=32, min=0.0731, max=0.7080, mean=0.5372, id_mean=0.4821, ood_mean=0.6444, id_hist=[2000.0, 0.0, 0.0, 0.0, 0.0], ood_hist=[1027.0, 0.0, 0.0, 0.0, 0.0], id_quantiles=[0.2980583906173706, 0.4844195246696472, 0.6675752997398376], ood_quantiles=[0.6502610445022583, 0.66275954246521, 0.6719734072685242]
2025-09-08 08:34:56,693 - INFO - Boosted OOD loss: 0.9153
2025-09-08 08:34:56,693 - ERROR - Loss computation error: Feature dimension mismatch. Memory: 128, Features: 1. Ensure consistent dims upstream.
2025-09-08 08:34:56,695 - WARNING - Invalid total_loss: 0.0. Skipping batch.
2025-09-08 08:34:57,655 - INFO - Energy stats: β=32, min=0.0782, max=0.7006, mean=0.4052, id_mean=0.4032, ood_mean=0.4071, id_hist=[2000.0, 0.0, 0.0, 0.0, 0.0], ood_hist=[2000.0, 0.0, 0.0, 0.0, 0.0], id_quantiles=[0.14090704917907715, 0.4277908504009247, 0.6627412438392639], ood_quantiles=[0.1578102707862854, 0.37014734745025635, 0.6630260944366455]
2025-09-08 08:34:57,656 - INFO - Boosted OOD loss: 0.7467
2025-09-08 08:34:57,657 - ERROR - Loss computation error: Feature dimension mismatch. Memory: 128, Features: 1. Ensure consistent dims upstream.
2025-09-08 08:34:57,659 - WARNING - Invalid total_loss: 0.0. Skipping batch.
2025-09-08 08:34:58,149 - INFO - Energy stats: β=32, min=0.0562, max=0.7000, mean=0.4133, id_mean=0.3971, ood_mean=0.4321, id_hist=[2000.0, 0.0, 0.0, 0.0, 0.0], ood_hist=[1717.0, 0.0, 0.0, 0.0, 0.0], id_quantiles=[0.1336890310049057, 0.3693697452545166, 0.6632362604141235], ood_quantiles=[0.12345671653747559, 0.6415517330169678, 0.6644364595413208]
2025-09-08 08:34:58,150 - INFO - Boosted OOD loss: 0.7484
2025-09-08 08:34:58,151 - ERROR - Loss computation error: Feature dimension mismatch. Memory: 128, Features: 1. Ensure consistent dims upstream.
2025-09-08 08:34:58,153 - WARNING - Invalid total_loss: 0.0. Skipping batch.
2025-09-08 08:35:13,928 - INFO - Energy stats: β=32, min=0.0770, max=0.6983, mean=0.4140, id_mean=0.4190, ood_mean=0.4090, id_hist=[2000.0, 0.0, 0.0, 0.0, 0.0], ood_hist=[1992.0, 0.0, 0.0, 0.0, 0.0], id_quantiles=[0.1737143099308014, 0.41225066781044006, 0.662945032119751], ood_quantiles=[0.157209575176239, 0.5302318334579468, 0.6621909737586975]
2025-09-08 08:35:13,930 - INFO - Boosted OOD loss: 0.7669
2025-09-08 08:35:13,930 - ERROR - Loss computation error: Feature dimension mismatch. Memory: 128, Features: 1. Ensure consistent dims upstream.
2025-09-08 08:35:13,933 - WARNING - Invalid total_loss: 0.0. Skipping batch.
2025-09-08 08:35:14,913 - INFO - Energy stats: β=32, min=0.0541, max=0.6999, mean=0.4570, id_mean=0.4080, ood_mean=0.5340, id_hist=[2000.0, 0.0, 0.0, 0.0, 0.0], ood_hist=[1274.0, 0.0, 0.0, 0.0, 0.0], id_quantiles=[0.14697962999343872, 0.4402305781841278, 0.665663480758667], ood_quantiles=[0.6122364401817322, 0.6571276783943176, 0.6680108308792114]
2025-09-08 08:35:14,915 - INFO - Boosted OOD loss: 0.7936
2025-09-08 08:35:14,915 - ERROR - Loss computation error: Feature dimension mismatch. Memory: 128, Features: 1. Ensure consistent dims upstream.
2025-09-08 08:35:14,917 - WARNING - Invalid total_loss: 0.0. Skipping batch.
2025-09-08 08:35:17,354 - INFO - Energy stats: β=32, min=0.0561, max=0.7091, mean=0.5294, id_mean=0.4709, ood_mean=0.6430, id_hist=[2000.0, 0.0, 0.0, 0.0, 0.0], ood_hist=[1030.0, 0.0, 0.0, 0.0, 0.0], id_quantiles=[0.2798512876033783, 0.4440135061740875, 0.6680564880371094], ood_quantiles=[0.6508697271347046, 0.6629748940467834, 0.6718376874923706]
2025-09-08 08:35:17,356 - INFO - Boosted OOD loss: 0.9002
2025-09-08 08:35:17,356 - ERROR - Loss computation error: Feature dimension mismatch. Memory: 128, Features: 1. Ensure consistent dims upstream.
2025-09-08 08:35:17,358 - WARNING - Invalid total_loss: 0.0. Skipping batch.
2025-09-08 08:35:22,705 - INFO - Energy stats: β=32, min=0.0456, max=0.7072, mean=0.5031, id_mean=0.4449, ood_mean=0.6094, id_hist=[2000.0, 0.0, 0.0, 0.0, 0.0], ood_hist=[1094.0, 0.0, 0.0, 0.0, 0.0], id_quantiles=[0.22556757926940918, 0.4703354835510254, 0.6668448448181152], ood_quantiles=[0.6458549499511719, 0.6608081459999084, 0.6697112917900085]
2025-09-08 08:35:22,707 - INFO - Boosted OOD loss: 0.8582
2025-09-08 08:35:22,707 - ERROR - Loss computation error: Feature dimension mismatch. Memory: 128, Features: 1. Ensure consistent dims upstream.
2025-09-08 08:35:22,710 - WARNING - Invalid total_loss: 0.0. Skipping batch.
2025-09-08 08:35:25,159 - INFO - Energy stats: β=32, min=0.0936, max=0.6962, mean=0.4830, id_mean=0.4361, ood_mean=0.5589, id_hist=[2000.0, 0.0, 0.0, 0.0, 0.0], ood_hist=[1236.0, 0.0, 0.0, 0.0, 0.0], id_quantiles=[0.20422564446926117, 0.46030282974243164, 0.6665180921554565], ood_quantiles=[0.6298378705978394, 0.6579516530036926, 0.6689217686653137]
2025-09-08 08:35:25,160 - INFO - Boosted OOD loss: 0.8335
2025-09-08 08:35:25,160 - ERROR - Loss computation error: Feature dimension mismatch. Memory: 128, Features: 1. Ensure consistent dims upstream.
2025-09-08 08:35:25,163 - WARNING - Invalid total_loss: 0.0. Skipping batch.
2025-09-08 08:35:27,125 - INFO - Energy stats: β=32, min=0.0869, max=0.7059, mean=0.5040, id_mean=0.4461, ood_mean=0.6091, id_hist=[2000.0, 0.0, 0.0, 0.0, 0.0], ood_hist=[1101.0, 0.0, 0.0, 0.0, 0.0], id_quantiles=[0.22681421041488647, 0.43420445919036865, 0.6665076017379761], ood_quantiles=[0.6451109051704407, 0.6616350412368774, 0.6698864698410034]
2025-09-08 08:35:27,126 - INFO - Boosted OOD loss: 0.8591
2025-09-08 08:35:27,127 - ERROR - Loss computation error: Feature dimension mismatch. Memory: 128, Features: 1. Ensure consistent dims upstream.
2025-09-08 08:35:27,129 - WARNING - Invalid total_loss: 0.0. Skipping batch.
2025-09-08 08:35:29,104 - INFO - Energy stats: β=32, min=0.0433, max=0.7114, mean=0.4129, id_mean=0.3746, ood_mean=0.4648, id_hist=[2000.0, 0.0, 0.0, 0.0, 0.0], ood_hist=[1478.0, 0.0, 0.0, 0.0, 0.0], id_quantiles=[0.08376523852348328, 0.38195088505744934, 0.663791298866272], ood_quantiles=[0.06777128577232361, 0.6522060036659241, 0.6671731472015381]
2025-09-08 08:35:29,105 - INFO - Boosted OOD loss: 0.7411
2025-09-08 08:35:29,106 - ERROR - Loss computation error: Feature dimension mismatch. Memory: 128, Features: 1. Ensure consistent dims upstream.
2025-09-08 08:35:29,108 - WARNING - Invalid total_loss: 0.0. Skipping batch.
2025-09-08 08:35:32,066 - INFO - Energy stats: β=32, min=0.0805, max=0.7083, mean=0.4622, id_mean=0.4372, ood_mean=0.4968, id_hist=[2000.0, 0.0, 0.0, 0.0, 0.0], ood_hist=[1444.0, 0.0, 0.0, 0.0, 0.0], id_quantiles=[0.19223923981189728, 0.4512704908847809, 0.6651164293289185], ood_quantiles=[0.15659475326538086, 0.6526439785957336, 0.6667537689208984]
2025-09-08 08:35:32,067 - INFO - Boosted OOD loss: 0.8181
2025-09-08 08:35:32,068 - ERROR - Loss computation error: Feature dimension mismatch. Memory: 128, Features: 1. Ensure consistent dims upstream.
2025-09-08 08:35:32,070 - WARNING - Invalid total_loss: 0.0. Skipping batch.
2025-09-08 08:35:33,553 - INFO - Energy stats: β=32, min=0.0665, max=0.7013, mean=0.4274, id_mean=0.4272, ood_mean=0.4277, id_hist=[2000.0, 0.0, 0.0, 0.0, 0.0], ood_hist=[1808.0, 0.0, 0.0, 0.0, 0.0], id_quantiles=[0.18844963610172272, 0.4194188416004181, 0.661988377571106], ood_quantiles=[0.143231600522995, 0.6334028244018555, 0.6649081707000732]
2025-09-08 08:35:33,554 - INFO - Boosted OOD loss: 0.7844
2025-09-08 08:35:33,555 - ERROR - Loss computation error: Feature dimension mismatch. Memory: 128, Features: 1. Ensure consistent dims upstream.
2025-09-08 08:35:33,557 - WARNING - Invalid total_loss: 0.0. Skipping batch.
2025-09-08 08:35:34,553 - INFO - Energy stats: β=32, min=0.0433, max=0.7037, mean=0.3811, id_mean=0.3884, ood_mean=0.3738, id_hist=[2000.0, 0.0, 0.0, 0.0, 0.0], ood_hist=[2000.0, 0.0, 0.0, 0.0, 0.0], id_quantiles=[0.08521147072315216, 0.4190702736377716, 0.6625827550888062], ood_quantiles=[0.09081315994262695, 0.3412160575389862, 0.6625146865844727]
2025-09-08 08:35:34,554 - INFO - Boosted OOD loss: 0.7244
2025-09-08 08:35:34,555 - ERROR - Loss computation error: Feature dimension mismatch. Memory: 128, Features: 1. Ensure consistent dims upstream.
2025-09-08 08:35:34,557 - WARNING - Invalid total_loss: 0.0. Skipping batch.
2025-09-08 08:35:35,549 - INFO - Energy stats: β=32, min=0.0467, max=0.7034, mean=0.5138, id_mean=0.4509, ood_mean=0.6345, id_hist=[2000.0, 0.0, 0.0, 0.0, 0.0], ood_hist=[1043.0, 0.0, 0.0, 0.0, 0.0], id_quantiles=[0.231146439909935, 0.4677554965019226, 0.6675498485565186], ood_quantiles=[0.6497714519500732, 0.6618591547012329, 0.6704807281494141]
2025-09-08 08:35:35,550 - INFO - Boosted OOD loss: 0.8722
2025-09-08 08:35:35,551 - ERROR - Loss computation error: Feature dimension mismatch. Memory: 128, Features: 1. Ensure consistent dims upstream.
2025-09-08 08:35:35,553 - WARNING - Invalid total_loss: 0.0. Skipping batch.
2025-09-08 08:35:36,062 - INFO - Energy stats: β=32, min=0.0496, max=0.7066, mean=0.4515, id_mean=0.4069, ood_mean=0.5190, id_hist=[2000.0, 0.0, 0.0, 0.0, 0.0], ood_hist=[1323.0, 0.0, 0.0, 0.0, 0.0], id_quantiles=[0.15135525166988373, 0.38716956973075867, 0.6652014851570129], ood_quantiles=[0.5588927268981934, 0.6549468040466309, 0.6679365634918213]
2025-09-08 08:35:36,063 - INFO - Boosted OOD loss: 0.7881
2025-09-08 08:35:36,064 - ERROR - Loss computation error: Feature dimension mismatch. Memory: 128, Features: 1. Ensure consistent dims upstream.
2025-09-08 08:35:36,066 - WARNING - Invalid total_loss: 0.0. Skipping batch.
2025-09-08 08:35:37,556 - INFO - Energy stats: β=32, min=0.0433, max=0.6990, mean=0.3723, id_mean=0.3752, ood_mean=0.3695, id_hist=[2000.0, 0.0, 0.0, 0.0, 0.0], ood_hist=[2000.0, 0.0, 0.0, 0.0, 0.0], id_quantiles=[0.08819344639778137, 0.3540151119232178, 0.6624256372451782], ood_quantiles=[0.08030655980110168, 0.34637650847435, 0.6614913940429688]
2025-09-08 08:35:37,558 - INFO - Boosted OOD loss: 0.7088
2025-09-08 08:35:37,558 - ERROR - Loss computation error: Feature dimension mismatch. Memory: 128, Features: 1. Ensure consistent dims upstream.
2025-09-08 08:35:37,560 - WARNING - Invalid total_loss: 0.0. Skipping batch.
2025-09-08 08:35:39,052 - INFO - Energy stats: β=32, min=0.0765, max=0.7034, mean=0.4578, id_mean=0.4448, ood_mean=0.4740, id_hist=[2000.0, 0.0, 0.0, 0.0, 0.0], ood_hist=[1620.0, 0.0, 0.0, 0.0, 0.0], id_quantiles=[0.22224995493888855, 0.43714094161987305, 0.6641427278518677], ood_quantiles=[0.1908775269985199, 0.6443227529525757, 0.6659693717956543]
2025-09-08 08:35:39,054 - INFO - Boosted OOD loss: 0.8211
2025-09-08 08:35:39,054 - ERROR - Loss computation error: Feature dimension mismatch. Memory: 128, Features: 1. Ensure consistent dims upstream.
2025-09-08 08:35:39,057 - WARNING - Invalid total_loss: 0.0. Skipping batch.
2025-09-08 08:35:44,005 - INFO - Energy stats: β=32, min=0.0850, max=0.7025, mean=0.4903, id_mean=0.4446, ood_mean=0.5654, id_hist=[2000.0, 0.0, 0.0, 0.0, 0.0], ood_hist=[1216.0, 0.0, 0.0, 0.0, 0.0], id_quantiles=[0.21878649294376373, 0.47697415947914124, 0.6657339334487915], ood_quantiles=[0.630311906337738, 0.658443808555603, 0.6700544357299805]
2025-09-08 08:35:44,007 - INFO - Boosted OOD loss: 0.8463
2025-09-08 08:35:44,007 - ERROR - Loss computation error: Feature dimension mismatch. Memory: 128, Features: 1. Ensure consistent dims upstream.
2025-09-08 08:35:44,010 - WARNING - Invalid total_loss: 0.0. Skipping batch.
2025-09-08 08:35:48,471 - INFO - Energy stats: β=32, min=0.0554, max=0.6981, mean=0.4259, id_mean=0.4089, ood_mean=0.4466, id_hist=[2000.0, 0.0, 0.0, 0.0, 0.0], ood_hist=[1648.0, 0.0, 0.0, 0.0, 0.0], id_quantiles=[0.1450074315071106, 0.4119139611721039, 0.6636886596679688], ood_quantiles=[0.12752756476402283, 0.6442034840583801, 0.6648635864257812]
2025-09-08 08:35:48,472 - INFO - Boosted OOD loss: 0.7674
2025-09-08 08:35:48,473 - ERROR - Loss computation error: Feature dimension mismatch. Memory: 128, Features: 1. Ensure consistent dims upstream.
2025-09-08 08:35:48,476 - WARNING - Invalid total_loss: 0.0. Skipping batch.
2025-09-08 08:35:48,990 - INFO - Energy stats: β=32, min=0.0433, max=0.7041, mean=0.4008, id_mean=0.3849, ood_mean=0.4195, id_hist=[2000.0, 0.0, 0.0, 0.0, 0.0], ood_hist=[1711.0, 0.0, 0.0, 0.0, 0.0], id_quantiles=[0.11360882222652435, 0.32862207293510437, 0.6637462973594666], ood_quantiles=[0.08778929710388184, 0.6399234533309937, 0.6656411290168762]
2025-09-08 08:35:48,992 - INFO - Boosted OOD loss: 0.7359
2025-09-08 08:35:48,992 - ERROR - Loss computation error: Feature dimension mismatch. Memory: 128, Features: 1. Ensure consistent dims upstream.
2025-09-08 08:35:48,994 - WARNING - Invalid total_loss: 0.0. Skipping batch.
2025-09-08 08:35:50,988 - INFO - Energy stats: β=32, min=0.0442, max=0.6971, mean=0.4075, id_mean=0.3944, ood_mean=0.4223, id_hist=[2000.0, 0.0, 0.0, 0.0, 0.0], ood_hist=[1779.0, 0.0, 0.0, 0.0, 0.0], id_quantiles=[0.1281394511461258, 0.3876321315765381, 0.6639583706855774], ood_quantiles=[0.12582457065582275, 0.6344106197357178, 0.6647472977638245]
2025-09-08 08:35:50,990 - INFO - Boosted OOD loss: 0.7428
2025-09-08 08:35:50,990 - ERROR - Loss computation error: Feature dimension mismatch. Memory: 128, Features: 1. Ensure consistent dims upstream.
2025-09-08 08:35:50,992 - WARNING - Invalid total_loss: 0.0. Skipping batch.
2025-09-08 08:35:52,991 - INFO - Energy stats: β=32, min=0.0492, max=0.6943, mean=0.4891, id_mean=0.4257, ood_mean=0.6043, id_hist=[2000.0, 0.0, 0.0, 0.0, 0.0], ood_hist=[1102.0, 0.0, 0.0, 0.0, 0.0], id_quantiles=[0.18843220174312592, 0.4232809543609619, 0.6667090654373169], ood_quantiles=[0.6432384848594666, 0.6604665517807007, 0.6697909832000732]
2025-09-08 08:35:52,993 - INFO - Boosted OOD loss: 0.8326
2025-09-08 08:35:52,993 - ERROR - Loss computation error: Feature dimension mismatch. Memory: 128, Features: 1. Ensure consistent dims upstream.
2025-09-08 08:35:52,996 - WARNING - Invalid total_loss: 0.0. Skipping batch.
2025-09-08 08:35:53,505 - INFO - Energy stats: β=32, min=0.0433, max=0.7062, mean=0.3719, id_mean=0.3606, ood_mean=0.3841, id_hist=[2000.0, 0.0, 0.0, 0.0, 0.0], ood_hist=[1842.0, 0.0, 0.0, 0.0, 0.0], id_quantiles=[0.061761945486068726, 0.31807735562324524, 0.6629682183265686], ood_quantiles=[0.058308690786361694, 0.629656195640564, 0.6651051044464111]
2025-09-08 08:35:53,507 - INFO - Boosted OOD loss: 0.7044
2025-09-08 08:35:53,507 - ERROR - Loss computation error: Feature dimension mismatch. Memory: 128, Features: 1. Ensure consistent dims upstream.
2025-09-08 08:35:53,509 - WARNING - Invalid total_loss: 0.0. Skipping batch.
2025-09-08 08:35:57,504 - INFO - Energy stats: β=32, min=0.0536, max=0.6999, mean=0.4760, id_mean=0.4199, ood_mean=0.5715, id_hist=[2000.0, 0.0, 0.0, 0.0, 0.0], ood_hist=[1175.0, 0.0, 0.0, 0.0, 0.0], id_quantiles=[0.16880132257938385, 0.4346536695957184, 0.6662342548370361], ood_quantiles=[0.633551836013794, 0.6594206094741821, 0.669944167137146]
2025-09-08 08:35:57,505 - INFO - Boosted OOD loss: 0.8177
2025-09-08 08:35:57,506 - ERROR - Loss computation error: Feature dimension mismatch. Memory: 128, Features: 1. Ensure consistent dims upstream.
2025-09-08 08:35:57,508 - WARNING - Invalid total_loss: 0.0. Skipping batch.
2025-09-08 08:35:59,507 - INFO - Energy stats: β=32, min=0.1735, max=0.7013, mean=0.5987, id_mean=0.5708, ood_mean=0.6543, id_hist=[2000.0, 0.0, 0.0, 0.0, 0.0], ood_hist=[1006.0, 0.0, 0.0, 0.0, 0.0], id_quantiles=[0.48071032762527466, 0.6116639971733093, 0.6682454347610474], ood_quantiles=[0.6491445302963257, 0.6614758968353271, 0.6705836057662964]
2025-09-08 08:35:59,509 - INFO - Boosted OOD loss: 1.0356
2025-09-08 08:35:59,509 - ERROR - Loss computation error: Feature dimension mismatch. Memory: 128, Features: 1. Ensure consistent dims upstream.
2025-09-08 08:35:59,512 - WARNING - Invalid total_loss: 0.0. Skipping batch.
2025-09-08 08:36:00,026 - INFO - Energy stats: β=32, min=0.0572, max=0.6994, mean=0.4350, id_mean=0.4089, ood_mean=0.4691, id_hist=[2000.0, 0.0, 0.0, 0.0, 0.0], ood_hist=[1534.0, 0.0, 0.0, 0.0, 0.0], id_quantiles=[0.1520317941904068, 0.39641499519348145, 0.6644736528396606], ood_quantiles=[0.12724480032920837, 0.6485751271247864, 0.6669236421585083]
2025-09-08 08:36:00,027 - INFO - Boosted OOD loss: 0.7745
2025-09-08 08:36:00,028 - ERROR - Loss computation error: Feature dimension mismatch. Memory: 128, Features: 1. Ensure consistent dims upstream.
2025-09-08 08:36:00,030 - WARNING - Invalid total_loss: 0.0. Skipping batch.
2025-09-08 08:36:01,041 - INFO - Energy stats: β=32, min=0.0906, max=0.7010, mean=0.4464, id_mean=0.4267, ood_mean=0.4708, id_hist=[2000.0, 0.0, 0.0, 0.0, 0.0], ood_hist=[1621.0, 0.0, 0.0, 0.0, 0.0], id_quantiles=[0.19394348561763763, 0.4009173512458801, 0.6644578576087952], ood_quantiles=[0.1795506477355957, 0.6457673907279968, 0.6663457155227661]
2025-09-08 08:36:01,042 - INFO - Boosted OOD loss: 0.7969
2025-09-08 08:36:01,043 - ERROR - Loss computation error: Feature dimension mismatch. Memory: 128, Features: 1. Ensure consistent dims upstream.
2025-09-08 08:36:01,045 - WARNING - Invalid total_loss: 0.0. Skipping batch.
2025-09-08 08:36:01,560 - INFO - Energy stats: β=32, min=0.0825, max=0.6925, mean=0.4195, id_mean=0.4148, ood_mean=0.4243, id_hist=[2000.0, 0.0, 0.0, 0.0, 0.0], ood_hist=[2000.0, 0.0, 0.0, 0.0, 0.0], id_quantiles=[0.17227332293987274, 0.3554189205169678, 0.6628464460372925], ood_quantiles=[0.19116970896720886, 0.402870237827301, 0.6616283655166626]
2025-09-08 08:36:01,561 - INFO - Boosted OOD loss: 0.7670
2025-09-08 08:36:01,562 - ERROR - Loss computation error: Feature dimension mismatch. Memory: 128, Features: 1. Ensure consistent dims upstream.
2025-09-08 08:36:01,564 - WARNING - Invalid total_loss: 0.0. Skipping batch.
2025-09-08 08:36:04,068 - INFO - Energy stats: β=32, min=0.0436, max=0.7026, mean=0.4315, id_mean=0.4084, ood_mean=0.4602, id_hist=[2000.0, 0.0, 0.0, 0.0, 0.0], ood_hist=[1615.0, 0.0, 0.0, 0.0, 0.0], id_quantiles=[0.15735629200935364, 0.38467642664909363, 0.6639322638511658], ood_quantiles=[0.15750986337661743, 0.6487704515457153, 0.6665903925895691]
2025-09-08 08:36:04,069 - INFO - Boosted OOD loss: 0.7723
2025-09-08 08:36:04,069 - ERROR - Loss computation error: Feature dimension mismatch. Memory: 128, Features: 1. Ensure consistent dims upstream.
2025-09-08 08:36:04,072 - WARNING - Invalid total_loss: 0.0. Skipping batch.
2025-09-08 08:36:05,580 - INFO - Energy stats: β=32, min=0.0433, max=0.6946, mean=0.4032, id_mean=0.3962, ood_mean=0.4101, id_hist=[2000.0, 0.0, 0.0, 0.0, 0.0], ood_hist=[2000.0, 0.0, 0.0, 0.0, 0.0], id_quantiles=[0.1277315318584442, 0.36523985862731934, 0.6615669131278992], ood_quantiles=[0.18014928698539734, 0.39156317710876465, 0.662758469581604]
2025-09-08 08:36:05,581 - INFO - Boosted OOD loss: 0.7440
2025-09-08 08:36:05,582 - ERROR - Loss computation error: Feature dimension mismatch. Memory: 128, Features: 1. Ensure consistent dims upstream.
2025-09-08 08:36:05,584 - WARNING - Invalid total_loss: 0.0. Skipping batch.
2025-09-08 08:36:08,099 - INFO - Energy stats: β=32, min=0.0442, max=0.7065, mean=0.4583, id_mean=0.4121, ood_mean=0.5295, id_hist=[2000.0, 0.0, 0.0, 0.0, 0.0], ood_hist=[1298.0, 0.0, 0.0, 0.0, 0.0], id_quantiles=[0.1598786562681198, 0.4075776934623718, 0.6653069853782654], ood_quantiles=[0.6071100831031799, 0.6568673849105835, 0.6682575345039368]
2025-09-08 08:36:08,100 - INFO - Boosted OOD loss: 0.7979
2025-09-08 08:36:08,101 - ERROR - Loss computation error: Feature dimension mismatch. Memory: 128, Features: 1. Ensure consistent dims upstream.
2025-09-08 08:36:08,103 - WARNING - Invalid total_loss: 0.0. Skipping batch.
2025-09-08 08:36:13,120 - INFO - Energy stats: β=32, min=0.0438, max=0.6979, mean=0.3849, id_mean=0.3882, ood_mean=0.3816, id_hist=[2000.0, 0.0, 0.0, 0.0, 0.0], ood_hist=[2000.0, 0.0, 0.0, 0.0, 0.0], id_quantiles=[0.11653873324394226, 0.3611189126968384, 0.6617498397827148], ood_quantiles=[0.09824326634407043, 0.351640522480011, 0.66264808177948]
2025-09-08 08:36:13,122 - INFO - Boosted OOD loss: 0.7234
2025-09-08 08:36:13,122 - ERROR - Loss computation error: Feature dimension mismatch. Memory: 128, Features: 1. Ensure consistent dims upstream.
2025-09-08 08:36:13,124 - WARNING - Invalid total_loss: 0.0. Skipping batch.
2025-09-08 08:36:13,637 - INFO - Energy stats: β=32, min=0.0433, max=0.6995, mean=0.4142, id_mean=0.3718, ood_mean=0.4726, id_hist=[2000.0, 0.0, 0.0, 0.0, 0.0], ood_hist=[1450.0, 0.0, 0.0, 0.0, 0.0], id_quantiles=[0.08260950446128845, 0.3465169668197632, 0.6647040247917175], ood_quantiles=[0.06984379887580872, 0.6540337204933167, 0.667619526386261]
2025-09-08 08:36:13,639 - INFO - Boosted OOD loss: 0.7391
2025-09-08 08:36:13,639 - ERROR - Loss computation error: Feature dimension mismatch. Memory: 128, Features: 1. Ensure consistent dims upstream.
2025-09-08 08:36:13,641 - WARNING - Invalid total_loss: 0.0. Skipping batch.
2025-09-08 08:36:14,155 - INFO - Energy stats: β=32, min=0.0433, max=0.7030, mean=0.4059, id_mean=0.3698, ood_mean=0.4538, id_hist=[2000.0, 0.0, 0.0, 0.0, 0.0], ood_hist=[1510.0, 0.0, 0.0, 0.0, 0.0], id_quantiles=[0.07436642050743103, 0.328830748796463, 0.6641247272491455], ood_quantiles=[0.06137692928314209, 0.648620069026947, 0.6673145294189453]
2025-09-08 08:36:14,156 - INFO - Boosted OOD loss: 0.7333
2025-09-08 08:36:14,156 - ERROR - Loss computation error: Feature dimension mismatch. Memory: 128, Features: 1. Ensure consistent dims upstream.
2025-09-08 08:36:14,159 - WARNING - Invalid total_loss: 0.0. Skipping batch.
2025-09-08 08:36:15,670 - INFO - Energy stats: β=32, min=0.0670, max=0.7043, mean=0.5217, id_mean=0.4622, ood_mean=0.6356, id_hist=[2000.0, 0.0, 0.0, 0.0, 0.0], ood_hist=[1045.0, 0.0, 0.0, 0.0, 0.0], id_quantiles=[0.2610543668270111, 0.4720846116542816, 0.6677697896957397], ood_quantiles=[0.6496412754058838, 0.6636381149291992, 0.6718227863311768]
2025-09-08 08:36:15,672 - INFO - Boosted OOD loss: 0.8871
2025-09-08 08:36:15,672 - ERROR - Loss computation error: Feature dimension mismatch. Memory: 128, Features: 1. Ensure consistent dims upstream.
2025-09-08 08:36:15,674 - WARNING - Invalid total_loss: 0.0. Skipping batch.
2025-09-08 08:36:19,189 - INFO - Energy stats: β=32, min=0.0534, max=0.6936, mean=0.3992, id_mean=0.4071, ood_mean=0.3913, id_hist=[2000.0, 0.0, 0.0, 0.0, 0.0], ood_hist=[2000.0, 0.0, 0.0, 0.0, 0.0], id_quantiles=[0.147006556391716, 0.40093207359313965, 0.6625405550003052], ood_quantiles=[0.12329134345054626, 0.3605692386627197, 0.6622674465179443]
2025-09-08 08:36:19,190 - INFO - Boosted OOD loss: 0.7461
2025-09-08 08:36:19,191 - ERROR - Loss computation error: Feature dimension mismatch. Memory: 128, Features: 1. Ensure consistent dims upstream.
2025-09-08 08:36:19,193 - WARNING - Invalid total_loss: 0.0. Skipping batch.
2025-09-08 08:36:21,706 - INFO - Energy stats: β=32, min=0.0627, max=0.7024, mean=0.4926, id_mean=0.4379, ood_mean=0.5881, id_hist=[2000.0, 0.0, 0.0, 0.0, 0.0], ood_hist=[1144.0, 0.0, 0.0, 0.0, 0.0], id_quantiles=[0.21069316565990448, 0.4248974621295929, 0.6662387251853943], ood_quantiles=[0.6364555954933167, 0.6598832607269287, 0.6697794198989868]
2025-09-08 08:36:21,707 - INFO - Boosted OOD loss: 0.8437
2025-09-08 08:36:21,708 - ERROR - Loss computation error: Feature dimension mismatch. Memory: 128, Features: 1. Ensure consistent dims upstream.
2025-09-08 08:36:21,710 - WARNING - Invalid total_loss: 0.0. Skipping batch.
2025-09-08 08:36:23,234 - INFO - Energy stats: β=32, min=0.1011, max=0.6950, mean=0.4972, id_mean=0.4633, ood_mean=0.5490, id_hist=[2000.0, 0.0, 0.0, 0.0, 0.0], ood_hist=[1311.0, 0.0, 0.0, 0.0, 0.0], id_quantiles=[0.2666293680667877, 0.4624706208705902, 0.6667225956916809], ood_quantiles=[0.5790297389030457, 0.6565690040588379, 0.6686165928840637]
2025-09-08 08:36:23,235 - INFO - Boosted OOD loss: 0.8668
2025-09-08 08:36:23,236 - ERROR - Loss computation error: Feature dimension mismatch. Memory: 128, Features: 1. Ensure consistent dims upstream.
2025-09-08 08:36:23,238 - WARNING - Invalid total_loss: 0.0. Skipping batch.
2025-09-08 08:36:25,764 - INFO - Energy stats: β=32, min=0.0433, max=0.7025, mean=0.4443, id_mean=0.4127, ood_mean=0.4872, id_hist=[2000.0, 0.0, 0.0, 0.0, 0.0], ood_hist=[1474.0, 0.0, 0.0, 0.0, 0.0], id_quantiles=[0.17211240530014038, 0.3795414865016937, 0.6635552644729614], ood_quantiles=[0.17026668787002563, 0.6515607833862305, 0.6671555042266846]
2025-09-08 08:36:25,765 - INFO - Boosted OOD loss: 0.7869
2025-09-08 08:36:25,766 - ERROR - Loss computation error: Feature dimension mismatch. Memory: 128, Features: 1. Ensure consistent dims upstream.
2025-09-08 08:36:25,768 - WARNING - Invalid total_loss: 0.0. Skipping batch.
2025-09-08 08:36:27,279 - INFO - Energy stats: β=32, min=0.1019, max=0.6986, mean=0.5768, id_mean=0.5383, ood_mean=0.6530, id_hist=[2000.0, 0.0, 0.0, 0.0, 0.0], ood_hist=[1009.0, 0.0, 0.0, 0.0, 0.0], id_quantiles=[0.41681355237960815, 0.6027314066886902, 0.6680648922920227], ood_quantiles=[0.649547815322876, 0.6620174050331116, 0.6706589460372925]
2025-09-08 08:36:27,280 - INFO - Boosted OOD loss: 0.9920
2025-09-08 08:36:27,280 - ERROR - Loss computation error: Feature dimension mismatch. Memory: 128, Features: 1. Ensure consistent dims upstream.
2025-09-08 08:36:27,283 - WARNING - Invalid total_loss: 0.0. Skipping batch.
2025-09-08 08:36:27,796 - INFO - Energy stats: β=32, min=0.0675, max=0.6996, mean=0.5021, id_mean=0.4487, ood_mean=0.5971, id_hist=[2000.0, 0.0, 0.0, 0.0, 0.0], ood_hist=[1122.0, 0.0, 0.0, 0.0, 0.0], id_quantiles=[0.2229243516921997, 0.49135446548461914, 0.6671788692474365], ood_quantiles=[0.640306293964386, 0.6601144075393677, 0.6707351207733154]
2025-09-08 08:36:27,798 - INFO - Boosted OOD loss: 0.8603
2025-09-08 08:36:27,798 - ERROR - Loss computation error: Feature dimension mismatch. Memory: 128, Features: 1. Ensure consistent dims upstream.
2025-09-08 08:36:27,800 - WARNING - Invalid total_loss: 0.0. Skipping batch.
2025-09-08 08:36:31,324 - INFO - Energy stats: β=32, min=0.0608, max=0.7119, mean=0.5099, id_mean=0.4466, ood_mean=0.6303, id_hist=[2000.0, 0.0, 0.0, 0.0, 0.0], ood_hist=[1050.0, 0.0, 0.0, 0.0, 0.0], id_quantiles=[0.23054735362529755, 0.44444116950035095, 0.6676424741744995], ood_quantiles=[0.6464545726776123, 0.6621844172477722, 0.6711811423301697]
2025-09-08 08:36:31,325 - INFO - Boosted OOD loss: 0.8655
2025-09-08 08:36:31,326 - ERROR - Loss computation error: Feature dimension mismatch. Memory: 128, Features: 1. Ensure consistent dims upstream.
2025-09-08 08:36:31,328 - WARNING - Invalid total_loss: 0.0. Skipping batch.
2025-09-08 08:36:32,346 - INFO - Energy stats: β=32, min=0.0433, max=0.7069, mean=0.4826, id_mean=0.4022, ood_mean=0.6380, id_hist=[2000.0, 0.0, 0.0, 0.0, 0.0], ood_hist=[1034.0, 0.0, 0.0, 0.0, 0.0], id_quantiles=[0.13749919831752777, 0.3917199969291687, 0.6676421761512756], ood_quantiles=[0.6480165719985962, 0.6615811586380005, 0.6709896922111511]
2025-09-08 08:36:32,347 - INFO - Boosted OOD loss: 0.8089
2025-09-08 08:36:32,348 - ERROR - Loss computation error: Feature dimension mismatch. Memory: 128, Features: 1. Ensure consistent dims upstream.
2025-09-08 08:36:32,350 - WARNING - Invalid total_loss: 0.0. Skipping batch.
2025-09-08 08:36:43,463 - INFO - Energy stats: β=32, min=0.0579, max=0.6981, mean=0.4398, id_mean=0.4431, ood_mean=0.4364, id_hist=[2000.0, 0.0, 0.0, 0.0, 0.0], ood_hist=[2000.0, 0.0, 0.0, 0.0, 0.0], id_quantiles=[0.2311576008796692, 0.44575297832489014, 0.6626721024513245], ood_quantiles=[0.22137868404388428, 0.39313822984695435, 0.662261962890625]
2025-09-08 08:36:43,465 - INFO - Boosted OOD loss: 0.8069
2025-09-08 08:36:43,465 - ERROR - Loss computation error: Feature dimension mismatch. Memory: 128, Features: 1. Ensure consistent dims upstream.
2025-09-08 08:36:43,467 - WARNING - Invalid total_loss: 0.0. Skipping batch.
2025-09-08 08:36:45,000 - INFO - Energy stats: β=32, min=0.0451, max=0.7090, mean=0.4520, id_mean=0.4080, ood_mean=0.5184, id_hist=[2000.0, 0.0, 0.0, 0.0, 0.0], ood_hist=[1325.0, 0.0, 0.0, 0.0, 0.0], id_quantiles=[0.158532053232193, 0.391401469707489, 0.6639727354049683], ood_quantiles=[0.5678693056106567, 0.6556193232536316, 0.6679897904396057]
2025-09-08 08:36:45,002 - INFO - Boosted OOD loss: 0.7885
2025-09-08 08:36:45,002 - ERROR - Loss computation error: Feature dimension mismatch. Memory: 128, Features: 1. Ensure consistent dims upstream.
2025-09-08 08:36:45,005 - WARNING - Invalid total_loss: 0.0. Skipping batch.
2025-09-08 08:36:48,566 - INFO - Energy stats: β=32, min=0.0433, max=0.6976, mean=0.3982, id_mean=0.3621, ood_mean=0.4454, id_hist=[2000.0, 0.0, 0.0, 0.0, 0.0], ood_hist=[1533.0, 0.0, 0.0, 0.0, 0.0], id_quantiles=[0.05583006143569946, 0.3113909959793091, 0.6638363003730774], ood_quantiles=[0.04850351810455322, 0.6488220691680908, 0.6660627126693726]
2025-09-08 08:36:48,567 - INFO - Boosted OOD loss: 0.7239
2025-09-08 08:36:48,568 - ERROR - Loss computation error: Feature dimension mismatch. Memory: 128, Features: 1. Ensure consistent dims upstream.
2025-09-08 08:36:48,570 - WARNING - Invalid total_loss: 0.0. Skipping batch.
2025-09-08 08:36:52,636 - INFO - Energy stats: β=32, min=0.0434, max=0.7038, mean=0.3840, id_mean=0.3815, ood_mean=0.3865, id_hist=[2000.0, 0.0, 0.0, 0.0, 0.0], ood_hist=[2000.0, 0.0, 0.0, 0.0, 0.0], id_quantiles=[0.10972936451435089, 0.3384205102920532, 0.6618463397026062], ood_quantiles=[0.11133542656898499, 0.3896726369857788, 0.6626468896865845]
2025-09-08 08:36:52,638 - INFO - Boosted OOD loss: 0.7180
2025-09-08 08:36:52,639 - ERROR - Loss computation error: Feature dimension mismatch. Memory: 128, Features: 1. Ensure consistent dims upstream.
2025-09-08 08:36:52,641 - WARNING - Invalid total_loss: 0.0. Skipping batch.
2025-09-08 08:36:53,673 - INFO - Energy stats: β=32, min=0.0436, max=0.7095, mean=0.4426, id_mean=0.4008, ood_mean=0.5034, id_hist=[2000.0, 0.0, 0.0, 0.0, 0.0], ood_hist=[1375.0, 0.0, 0.0, 0.0, 0.0], id_quantiles=[0.13303610682487488, 0.4093725383281708, 0.6648457050323486], ood_quantiles=[0.12289369106292725, 0.652844250202179, 0.6678416728973389]
2025-09-08 08:36:53,674 - INFO - Boosted OOD loss: 0.7758
2025-09-08 08:36:53,674 - ERROR - Loss computation error: Feature dimension mismatch. Memory: 128, Features: 1. Ensure consistent dims upstream.
2025-09-08 08:36:53,677 - WARNING - Invalid total_loss: 0.0. Skipping batch.
2025-09-08 08:36:54,192 - INFO - Energy stats: β=32, min=0.0435, max=0.6971, mean=0.5128, id_mean=0.4440, ood_mean=0.6482, id_hist=[2000.0, 0.0, 0.0, 0.0, 0.0], ood_hist=[1015.0, 0.0, 0.0, 0.0, 0.0], id_quantiles=[0.2066672295331955, 0.4876824915409088, 0.6677685379981995], ood_quantiles=[0.6497725248336792, 0.6619056463241577, 0.6709144711494446]
2025-09-08 08:36:54,194 - INFO - Boosted OOD loss: 0.8661
2025-09-08 08:36:54,194 - ERROR - Loss computation error: Feature dimension mismatch. Memory: 128, Features: 1. Ensure consistent dims upstream.
2025-09-08 08:36:54,196 - WARNING - Invalid total_loss: 0.0. Skipping batch.
2025-09-08 08:36:54,714 - INFO - Energy stats: β=32, min=0.1056, max=0.7048, mean=0.5484, id_mean=0.4989, ood_mean=0.6447, id_hist=[2000.0, 0.0, 0.0, 0.0, 0.0], ood_hist=[1029.0, 0.0, 0.0, 0.0, 0.0], id_quantiles=[0.32729360461235046, 0.5218331813812256, 0.6677824258804321], ood_quantiles=[0.6507920026779175, 0.6621115207672119, 0.6711249351501465]
2025-09-08 08:36:54,715 - INFO - Boosted OOD loss: 0.9376
2025-09-08 08:36:54,715 - ERROR - Loss computation error: Feature dimension mismatch. Memory: 128, Features: 1. Ensure consistent dims upstream.
2025-09-08 08:36:54,718 - WARNING - Invalid total_loss: 0.0. Skipping batch.
2025-09-08 08:36:55,240 - INFO - Energy stats: β=32, min=0.0565, max=0.6950, mean=0.4774, id_mean=0.4300, ood_mean=0.5533, id_hist=[2000.0, 0.0, 0.0, 0.0, 0.0], ood_hist=[1249.0, 0.0, 0.0, 0.0, 0.0], id_quantiles=[0.19609789550304413, 0.3667461574077606, 0.6659184694290161], ood_quantiles=[0.6211957931518555, 0.6579067707061768, 0.6695758104324341]
2025-09-08 08:36:55,242 - INFO - Boosted OOD loss: 0.8244
2025-09-08 08:36:55,242 - ERROR - Loss computation error: Feature dimension mismatch. Memory: 128, Features: 1. Ensure consistent dims upstream.
2025-09-08 08:36:55,244 - WARNING - Invalid total_loss: 0.0. Skipping batch.
2025-09-08 08:37:06,452 - INFO - Energy stats: β=32, min=0.0434, max=0.7019, mean=0.5653, id_mean=0.5192, ood_mean=0.6574, id_hist=[2000.0, 0.0, 0.0, 0.0, 0.0], ood_hist=[1002.0, 0.0, 0.0, 0.0, 0.0], id_quantiles=[0.3757110834121704, 0.5472438931465149, 0.668537974357605], ood_quantiles=[0.6514294743537903, 0.6628581881523132, 0.672217071056366]
2025-09-08 08:37:06,454 - INFO - Boosted OOD loss: 0.9677
2025-09-08 08:37:06,454 - ERROR - Loss computation error: Feature dimension mismatch. Memory: 128, Features: 1. Ensure consistent dims upstream.
2025-09-08 08:37:06,456 - WARNING - Invalid total_loss: 0.0. Skipping batch.
2025-09-08 08:37:06,980 - INFO - Energy stats: β=32, min=0.0433, max=0.6979, mean=0.3637, id_mean=0.3621, ood_mean=0.3654, id_hist=[2000.0, 0.0, 0.0, 0.0, 0.0], ood_hist=[2000.0, 0.0, 0.0, 0.0, 0.0], id_quantiles=[0.06509155035018921, 0.33923405408859253, 0.6618947982788086], ood_quantiles=[0.0671432614326477, 0.3503047823905945, 0.66230708360672]
2025-09-08 08:37:06,981 - INFO - Boosted OOD loss: 0.6955
2025-09-08 08:37:06,982 - ERROR - Loss computation error: Feature dimension mismatch. Memory: 128, Features: 1. Ensure consistent dims upstream.
2025-09-08 08:37:06,984 - WARNING - Invalid total_loss: 0.0. Skipping batch.
2025-09-08 08:37:09,032 - INFO - Energy stats: β=32, min=0.0433, max=0.6978, mean=0.4770, id_mean=0.4067, ood_mean=0.6050, id_hist=[2000.0, 0.0, 0.0, 0.0, 0.0], ood_hist=[1097.0, 0.0, 0.0, 0.0, 0.0], id_quantiles=[0.15301094949245453, 0.4080696105957031, 0.6661680936813354], ood_quantiles=[0.6443862915039062, 0.6608598232269287, 0.6707202196121216]
2025-09-08 08:37:09,033 - INFO - Boosted OOD loss: 0.8093
2025-09-08 08:37:09,033 - ERROR - Loss computation error: Feature dimension mismatch. Memory: 128, Features: 1. Ensure consistent dims upstream.
2025-09-08 08:37:09,036 - WARNING - Invalid total_loss: 0.0. Skipping batch.
2025-09-08 08:37:12,624 - INFO - Energy stats: β=32, min=0.0882, max=0.6970, mean=0.5106, id_mean=0.4567, ood_mean=0.6082, id_hist=[2000.0, 0.0, 0.0, 0.0, 0.0], ood_hist=[1104.0, 0.0, 0.0, 0.0, 0.0], id_quantiles=[0.2501073479652405, 0.4739467203617096, 0.6669703722000122], ood_quantiles=[0.643129289150238, 0.6604695916175842, 0.6698437333106995]
2025-09-08 08:37:12,625 - INFO - Boosted OOD loss: 0.8728
2025-09-08 08:37:12,626 - ERROR - Loss computation error: Feature dimension mismatch. Memory: 128, Features: 1. Ensure consistent dims upstream.
2025-09-08 08:37:12,628 - WARNING - Invalid total_loss: 0.0. Skipping batch.
2025-09-08 08:37:15,704 - INFO - Energy stats: β=32, min=0.0435, max=0.6927, mean=0.5080, id_mean=0.4475, ood_mean=0.6214, id_hist=[2000.0, 0.0, 0.0, 0.0, 0.0], ood_hist=[1068.0, 0.0, 0.0, 0.0, 0.0], id_quantiles=[0.2242259532213211, 0.4522491693496704, 0.6669155359268188], ood_quantiles=[0.6475031971931458, 0.6617152094841003, 0.6703174710273743]
2025-09-08 08:37:15,705 - INFO - Boosted OOD loss: 0.8651
2025-09-08 08:37:15,706 - ERROR - Loss computation error: Feature dimension mismatch. Memory: 128, Features: 1. Ensure consistent dims upstream.
2025-09-08 08:37:15,708 - WARNING - Invalid total_loss: 0.0. Skipping batch.
2025-09-08 08:37:20,320 - INFO - Energy stats: β=32, min=0.0433, max=0.6943, mean=0.4254, id_mean=0.3717, ood_mean=0.5055, id_hist=[2000.0, 0.0, 0.0, 0.0, 0.0], ood_hist=[1338.0, 0.0, 0.0, 0.0, 0.0], id_quantiles=[0.07635262608528137, 0.37358739972114563, 0.6652945876121521], ood_quantiles=[0.07192623615264893, 0.6558102965354919, 0.6688371300697327]
2025-09-08 08:37:20,321 - INFO - Boosted OOD loss: 0.7473
2025-09-08 08:37:20,322 - ERROR - Loss computation error: Feature dimension mismatch. Memory: 128, Features: 1. Ensure consistent dims upstream.
2025-09-08 08:37:20,324 - WARNING - Invalid total_loss: 0.0. Skipping batch.
2025-09-08 08:37:20,853 - INFO - Energy stats: β=32, min=0.0905, max=0.6928, mean=0.4881, id_mean=0.4451, ood_mean=0.5570, id_hist=[2000.0, 0.0, 0.0, 0.0, 0.0], ood_hist=[1250.0, 0.0, 0.0, 0.0, 0.0], id_quantiles=[0.2292335331439972, 0.45302024483680725, 0.6657617092132568], ood_quantiles=[0.6210007667541504, 0.6585950255393982, 0.6700366735458374]
2025-09-08 08:37:20,854 - INFO - Boosted OOD loss: 0.8448
2025-09-08 08:37:20,855 - ERROR - Loss computation error: Feature dimension mismatch. Memory: 128, Features: 1. Ensure consistent dims upstream.
2025-09-08 08:37:20,857 - WARNING - Invalid total_loss: 0.0. Skipping batch.
2025-09-08 08:37:21,382 - INFO - Energy stats: β=32, min=0.0433, max=0.6955, mean=0.3977, id_mean=0.3796, ood_mean=0.4190, id_hist=[2000.0, 0.0, 0.0, 0.0, 0.0], ood_hist=[1686.0, 0.0, 0.0, 0.0, 0.0], id_quantiles=[0.08971983194351196, 0.36636054515838623, 0.6645264029502869], ood_quantiles=[0.07435151934623718, 0.6432616710662842, 0.6657323241233826]
2025-09-08 08:37:21,383 - INFO - Boosted OOD loss: 0.7324
2025-09-08 08:37:21,384 - ERROR - Loss computation error: Feature dimension mismatch. Memory: 128, Features: 1. Ensure consistent dims upstream.
2025-09-08 08:37:21,386 - WARNING - Invalid total_loss: 0.0. Skipping batch.
2025-09-08 08:37:23,444 - INFO - Energy stats: β=32, min=0.0481, max=0.6969, mean=0.3972, id_mean=0.3909, ood_mean=0.4035, id_hist=[2000.0, 0.0, 0.0, 0.0, 0.0], ood_hist=[2000.0, 0.0, 0.0, 0.0, 0.0], id_quantiles=[0.12231151759624481, 0.34795695543289185, 0.6634727716445923], ood_quantiles=[0.14744430780410767, 0.394784152507782, 0.6635889410972595]
2025-09-08 08:37:23,445 - INFO - Boosted OOD loss: 0.7313
2025-09-08 08:37:23,446 - ERROR - Loss computation error: Feature dimension mismatch. Memory: 128, Features: 1. Ensure consistent dims upstream.
2025-09-08 08:37:23,448 - WARNING - Invalid total_loss: 0.0. Skipping batch.
2025-09-08 08:37:24,484 - INFO - Energy stats: β=32, min=0.0433, max=0.7073, mean=0.4036, id_mean=0.3810, ood_mean=0.4316, id_hist=[2000.0, 0.0, 0.0, 0.0, 0.0], ood_hist=[1616.0, 0.0, 0.0, 0.0, 0.0], id_quantiles=[0.08451712131500244, 0.3946065902709961, 0.6643422842025757], ood_quantiles=[0.06543394923210144, 0.6471542119979858, 0.6672139167785645]
2025-09-08 08:37:24,486 - INFO - Boosted OOD loss: 0.7405
2025-09-08 08:37:24,486 - ERROR - Loss computation error: Feature dimension mismatch. Memory: 128, Features: 1. Ensure consistent dims upstream.
2025-09-08 08:37:24,488 - WARNING - Invalid total_loss: 0.0. Skipping batch.
2025-09-08 08:37:25,530 - INFO - Energy stats: β=32, min=0.0433, max=0.6942, mean=0.3977, id_mean=0.3720, ood_mean=0.4294, id_hist=[2000.0, 0.0, 0.0, 0.0, 0.0], ood_hist=[1617.0, 0.0, 0.0, 0.0, 0.0], id_quantiles=[0.08088389039039612, 0.3570186197757721, 0.6642587780952454], ood_quantiles=[0.060144901275634766, 0.6464694142341614, 0.6663914918899536]
2025-09-08 08:37:25,531 - INFO - Boosted OOD loss: 0.7297
2025-09-08 08:37:25,532 - ERROR - Loss computation error: Feature dimension mismatch. Memory: 128, Features: 1. Ensure consistent dims upstream.
2025-09-08 08:37:25,534 - WARNING - Invalid total_loss: 0.0. Skipping batch.
2025-09-08 08:37:30,172 - INFO - Energy stats: β=32, min=0.0945, max=0.6922, mean=0.4631, id_mean=0.4277, ood_mean=0.5137, id_hist=[2000.0, 0.0, 0.0, 0.0, 0.0], ood_hist=[1396.0, 0.0, 0.0, 0.0, 0.0], id_quantiles=[0.18940392136573792, 0.44013410806655884, 0.6642358899116516], ood_quantiles=[0.1823689043521881, 0.6545817852020264, 0.6677859425544739]
2025-09-08 08:37:30,174 - INFO - Boosted OOD loss: 0.8106
2025-09-08 08:37:30,174 - ERROR - Loss computation error: Feature dimension mismatch. Memory: 128, Features: 1. Ensure consistent dims upstream.
2025-09-08 08:37:30,177 - WARNING - Invalid total_loss: 0.0. Skipping batch.
2025-09-08 08:37:34,824 - INFO - Energy stats: β=32, min=0.1156, max=0.7070, mean=0.5298, id_mean=0.4922, ood_mean=0.5942, id_hist=[2000.0, 0.0, 0.0, 0.0, 0.0], ood_hist=[1169.0, 0.0, 0.0, 0.0, 0.0], id_quantiles=[0.3013153076171875, 0.5320389270782471, 0.6657536029815674], ood_quantiles=[0.6377017498016357, 0.6594559550285339, 0.6703472137451172]
2025-09-08 08:37:34,825 - INFO - Boosted OOD loss: 0.9166
2025-09-08 08:37:34,826 - ERROR - Loss computation error: Feature dimension mismatch. Memory: 128, Features: 1. Ensure consistent dims upstream.
2025-09-08 08:37:34,828 - WARNING - Invalid total_loss: 0.0. Skipping batch.
2025-09-08 08:37:36,397 - INFO - Energy stats: β=32, min=0.0433, max=0.6953, mean=0.4509, id_mean=0.3864, ood_mean=0.5584, id_hist=[2000.0, 0.0, 0.0, 0.0, 0.0], ood_hist=[1200.0, 0.0, 0.0, 0.0, 0.0], id_quantiles=[0.11274287104606628, 0.32974815368652344, 0.6648163199424744], ood_quantiles=[0.6361799240112305, 0.6594122648239136, 0.6700696349143982]
2025-09-08 08:37:36,398 - INFO - Boosted OOD loss: 0.7750
2025-09-08 08:37:36,398 - ERROR - Loss computation error: Feature dimension mismatch. Memory: 128, Features: 1. Ensure consistent dims upstream.
2025-09-08 08:37:36,401 - WARNING - Invalid total_loss: 0.0. Skipping batch.
2025-09-08 08:37:36,930 - INFO - Energy stats: β=32, min=0.0434, max=0.6949, mean=0.4074, id_mean=0.3900, ood_mean=0.4280, id_hist=[2000.0, 0.0, 0.0, 0.0, 0.0], ood_hist=[1685.0, 0.0, 0.0, 0.0, 0.0], id_quantiles=[0.1120053380727768, 0.3971150517463684, 0.6628882884979248], ood_quantiles=[0.10035490989685059, 0.6408518552780151, 0.6642529964447021]
2025-09-08 08:37:36,932 - INFO - Boosted OOD loss: 0.7417
2025-09-08 08:37:36,932 - ERROR - Loss computation error: Feature dimension mismatch. Memory: 128, Features: 1. Ensure consistent dims upstream.
2025-09-08 08:37:36,934 - WARNING - Invalid total_loss: 0.0. Skipping batch.
2025-09-08 08:37:40,563 - INFO - Energy stats: β=32, min=0.0433, max=0.6964, mean=0.3936, id_mean=0.3690, ood_mean=0.4234, id_hist=[2000.0, 0.0, 0.0, 0.0, 0.0], ood_hist=[1650.0, 0.0, 0.0, 0.0, 0.0], id_quantiles=[0.07654911279678345, 0.3221292197704315, 0.6632082462310791], ood_quantiles=[0.06747594475746155, 0.6432628035545349, 0.6645180583000183]
2025-09-08 08:37:40,564 - INFO - Boosted OOD loss: 0.7226
2025-09-08 08:37:40,564 - ERROR - Loss computation error: Feature dimension mismatch. Memory: 128, Features: 1. Ensure consistent dims upstream.
2025-09-08 08:37:40,567 - WARNING - Invalid total_loss: 0.0. Skipping batch.
2025-09-08 08:37:42,654 - INFO - Energy stats: β=32, min=0.0652, max=0.7014, mean=0.4956, id_mean=0.4539, ood_mean=0.5638, id_hist=[2000.0, 0.0, 0.0, 0.0, 0.0], ood_hist=[1224.0, 0.0, 0.0, 0.0, 0.0], id_quantiles=[0.24072808027267456, 0.4459821879863739, 0.6654300689697266], ood_quantiles=[0.6229848265647888, 0.658109724521637, 0.6692146062850952]
2025-09-08 08:37:42,656 - INFO - Boosted OOD loss: 0.8582
2025-09-08 08:37:42,656 - ERROR - Loss computation error: Feature dimension mismatch. Memory: 128, Features: 1. Ensure consistent dims upstream.
2025-09-08 08:37:42,659 - WARNING - Invalid total_loss: 0.0. Skipping batch.
2025-09-08 08:37:43,706 - INFO - Energy stats: β=32, min=0.0433, max=0.7016, mean=0.3757, id_mean=0.3610, ood_mean=0.3921, id_hist=[2000.0, 0.0, 0.0, 0.0, 0.0], ood_hist=[1810.0, 0.0, 0.0, 0.0, 0.0], id_quantiles=[0.06146076321601868, 0.31399163603782654, 0.6628630757331848], ood_quantiles=[0.06657904386520386, 0.6309217214584351, 0.6646503210067749]
2025-09-08 08:37:43,708 - INFO - Boosted OOD loss: 0.7038
2025-09-08 08:37:43,708 - ERROR - Loss computation error: Feature dimension mismatch. Memory: 128, Features: 1. Ensure consistent dims upstream.
2025-09-08 08:37:43,711 - WARNING - Invalid total_loss: 0.0. Skipping batch.
2025-09-08 08:37:45,279 - INFO - Energy stats: β=32, min=0.1628, max=0.7071, mean=0.4755, id_mean=0.4887, ood_mean=0.4623, id_hist=[2000.0, 0.0, 0.0, 0.0, 0.0], ood_hist=[2000.0, 0.0, 0.0, 0.0, 0.0], id_quantiles=[0.3293057084083557, 0.46310165524482727, 0.6615120768547058], ood_quantiles=[0.26806843280792236, 0.4337577819824219, 0.6633089780807495]
2025-09-08 08:37:45,281 - INFO - Boosted OOD loss: 0.8727
2025-09-08 08:37:45,281 - ERROR - Loss computation error: Feature dimension mismatch. Memory: 128, Features: 1. Ensure consistent dims upstream.
2025-09-08 08:37:45,284 - WARNING - Invalid total_loss: 0.0. Skipping batch.
2025-09-08 08:37:48,928 - INFO - Energy stats: β=32, min=0.2501, max=0.7031, mean=0.5417, id_mean=0.5256, ood_mean=0.5653, id_hist=[2000.0, 0.0, 0.0, 0.0, 0.0], ood_hist=[1360.0, 0.0, 0.0, 0.0, 0.0], id_quantiles=[0.39575064182281494, 0.5023183822631836, 0.6649521589279175], ood_quantiles=[0.34141144156455994, 0.6550997495651245, 0.6685080528259277]
2025-09-08 08:37:48,929 - INFO - Boosted OOD loss: 0.9529
2025-09-08 08:37:48,929 - ERROR - Loss computation error: Feature dimension mismatch. Memory: 128, Features: 1. Ensure consistent dims upstream.
2025-09-08 08:37:48,932 - WARNING - Invalid total_loss: 0.0. Skipping batch.
2025-09-08 08:37:52,598 - INFO - Energy stats: β=32, min=0.0921, max=0.7031, mean=0.4474, id_mean=0.4423, ood_mean=0.4533, id_hist=[2000.0, 0.0, 0.0, 0.0, 0.0], ood_hist=[1726.0, 0.0, 0.0, 0.0, 0.0], id_quantiles=[0.23153936862945557, 0.44734638929367065, 0.6627917885780334], ood_quantiles=[0.17555096745491028, 0.6385700702667236, 0.6645981669425964]
2025-09-08 08:37:52,599 - INFO - Boosted OOD loss: 0.8113
2025-09-08 08:37:52,599 - ERROR - Loss computation error: Feature dimension mismatch. Memory: 128, Features: 1. Ensure consistent dims upstream.
2025-09-08 08:37:52,603 - WARNING - Invalid total_loss: 0.0. Skipping batch.
2025-09-08 08:37:53,134 - INFO - Energy stats: β=32, min=0.0450, max=0.7006, mean=0.5228, id_mean=0.4564, ood_mean=0.6550, id_hist=[2000.0, 0.0, 0.0, 0.0, 0.0], ood_hist=[1004.0, 0.0, 0.0, 0.0, 0.0], id_quantiles=[0.2558164596557617, 0.47745293378829956, 0.6682204008102417], ood_quantiles=[0.6496790051460266, 0.6621932983398438, 0.6709154844284058]
2025-09-08 08:37:53,136 - INFO - Boosted OOD loss: 0.8835
2025-09-08 08:37:53,136 - ERROR - Loss computation error: Feature dimension mismatch. Memory: 128, Features: 1. Ensure consistent dims upstream.
2025-09-08 08:37:53,138 - WARNING - Invalid total_loss: 0.0. Skipping batch.
2025-09-08 08:37:56,280 - INFO - Energy stats: β=32, min=0.0495, max=0.7007, mean=0.4768, id_mean=0.4258, ood_mean=0.5613, id_hist=[2000.0, 0.0, 0.0, 0.0, 0.0], ood_hist=[1208.0, 0.0, 0.0, 0.0, 0.0], id_quantiles=[0.18857784569263458, 0.3908408582210541, 0.6651939749717712], ood_quantiles=[0.6306121349334717, 0.6586734056472778, 0.6688915491104126]
2025-09-08 08:37:56,281 - INFO - Boosted OOD loss: 0.8223
2025-09-08 08:37:56,282 - ERROR - Loss computation error: Feature dimension mismatch. Memory: 128, Features: 1. Ensure consistent dims upstream.
2025-09-08 08:37:56,284 - WARNING - Invalid total_loss: 0.0. Skipping batch.
2025-09-08 08:37:56,819 - INFO - Energy stats: β=32, min=0.0626, max=0.7013, mean=0.4085, id_mean=0.4078, ood_mean=0.4093, id_hist=[2000.0, 0.0, 0.0, 0.0, 0.0], ood_hist=[2000.0, 0.0, 0.0, 0.0, 0.0], id_quantiles=[0.15879176557064056, 0.3712688684463501, 0.6622833013534546], ood_quantiles=[0.16757631301879883, 0.37028682231903076, 0.662909984588623]
2025-09-08 08:37:56,820 - INFO - Boosted OOD loss: 0.7535
2025-09-08 08:37:56,821 - ERROR - Loss computation error: Feature dimension mismatch. Memory: 128, Features: 1. Ensure consistent dims upstream.
2025-09-08 08:37:56,823 - WARNING - Invalid total_loss: 0.0. Skipping batch.
2025-09-08 08:37:57,357 - INFO - Energy stats: β=32, min=0.1023, max=0.7010, mean=0.4880, id_mean=0.4441, ood_mean=0.5581, id_hist=[2000.0, 0.0, 0.0, 0.0, 0.0], ood_hist=[1253.0, 0.0, 0.0, 0.0, 0.0], id_quantiles=[0.22404980659484863, 0.422109991312027, 0.66535884141922], ood_quantiles=[0.6222468614578247, 0.658318042755127, 0.6696494817733765]
2025-09-08 08:37:57,358 - INFO - Boosted OOD loss: 0.8440
2025-09-08 08:37:57,359 - ERROR - Loss computation error: Feature dimension mismatch. Memory: 128, Features: 1. Ensure consistent dims upstream.
2025-09-08 08:37:57,361 - WARNING - Invalid total_loss: 0.0. Skipping batch.
2025-09-08 08:37:58,419 - INFO - Energy stats: β=32, min=0.0433, max=0.7002, mean=0.3789, id_mean=0.3769, ood_mean=0.3809, id_hist=[2000.0, 0.0, 0.0, 0.0, 0.0], ood_hist=[2000.0, 0.0, 0.0, 0.0, 0.0], id_quantiles=[0.09582185745239258, 0.3357553780078888, 0.6620858907699585], ood_quantiles=[0.09951812028884888, 0.39860326051712036, 0.6625604033470154]
2025-09-08 08:37:58,420 - INFO - Boosted OOD loss: 0.7111
2025-09-08 08:37:58,421 - ERROR - Loss computation error: Feature dimension mismatch. Memory: 128, Features: 1. Ensure consistent dims upstream.
2025-09-08 08:37:58,423 - WARNING - Invalid total_loss: 0.0. Skipping batch.
2025-09-08 08:37:59,998 - INFO - Energy stats: β=32, min=0.1442, max=0.7110, mean=0.4892, id_mean=0.4573, ood_mean=0.5350, id_hist=[2000.0, 0.0, 0.0, 0.0, 0.0], ood_hist=[1391.0, 0.0, 0.0, 0.0, 0.0], id_quantiles=[0.25490644574165344, 0.43495818972587585, 0.6653989553451538], ood_quantiles=[0.2545467019081116, 0.6519342660903931, 0.6669608950614929]
2025-09-08 08:38:00,000 - INFO - Boosted OOD loss: 0.8554
2025-09-08 08:38:00,000 - ERROR - Loss computation error: Feature dimension mismatch. Memory: 128, Features: 1. Ensure consistent dims upstream.
2025-09-08 08:38:00,003 - WARNING - Invalid total_loss: 0.0. Skipping batch.
2025-09-08 08:38:02,111 - INFO - Energy stats: β=32, min=0.0433, max=0.7009, mean=0.4618, id_mean=0.4146, ood_mean=0.5357, id_hist=[2000.0, 0.0, 0.0, 0.0, 0.0], ood_hist=[1276.0, 0.0, 0.0, 0.0, 0.0], id_quantiles=[0.1720655858516693, 0.3871895670890808, 0.6661044955253601], ood_quantiles=[0.6145398616790771, 0.6572705507278442, 0.6693763136863708]
2025-09-08 08:38:02,112 - INFO - Boosted OOD loss: 0.8025
2025-09-08 08:38:02,113 - ERROR - Loss computation error: Feature dimension mismatch. Memory: 128, Features: 1. Ensure consistent dims upstream.
2025-09-08 08:38:02,115 - WARNING - Invalid total_loss: 0.0. Skipping batch.
2025-09-08 08:38:02,650 - INFO - Energy stats: β=32, min=0.0433, max=0.6953, mean=0.3677, id_mean=0.3694, ood_mean=0.3661, id_hist=[2000.0, 0.0, 0.0, 0.0, 0.0], ood_hist=[2000.0, 0.0, 0.0, 0.0, 0.0], id_quantiles=[0.06802496314048767, 0.4255943298339844, 0.6622534990310669], ood_quantiles=[0.07032129168510437, 0.3652997612953186, 0.6614288687705994]
2025-09-08 08:38:02,651 - INFO - Boosted OOD loss: 0.7039
2025-09-08 08:38:02,652 - ERROR - Loss computation error: Feature dimension mismatch. Memory: 128, Features: 1. Ensure consistent dims upstream.
2025-09-08 08:38:02,654 - WARNING - Invalid total_loss: 0.0. Skipping batch.
2025-09-08 08:38:05,810 - INFO - Energy stats: β=32, min=0.0433, max=0.7019, mean=0.4811, id_mean=0.4111, ood_mean=0.6097, id_hist=[2000.0, 0.0, 0.0, 0.0, 0.0], ood_hist=[1088.0, 0.0, 0.0, 0.0, 0.0], id_quantiles=[0.15467099845409393, 0.42691776156425476, 0.6673460006713867], ood_quantiles=[0.6450353860855103, 0.6622669696807861, 0.671356201171875]
2025-09-08 08:38:05,811 - INFO - Boosted OOD loss: 0.8165
2025-09-08 08:38:05,812 - ERROR - Loss computation error: Feature dimension mismatch. Memory: 128, Features: 1. Ensure consistent dims upstream.
2025-09-08 08:38:05,814 - WARNING - Invalid total_loss: 0.0. Skipping batch.
2025-09-08 08:38:07,921 - INFO - Energy stats: β=32, min=0.0433, max=0.6978, mean=0.4640, id_mean=0.3983, ood_mean=0.5780, id_hist=[2000.0, 0.0, 0.0, 0.0, 0.0], ood_hist=[1152.0, 0.0, 0.0, 0.0, 0.0], id_quantiles=[0.12917545437812805, 0.39189276099205017, 0.6670917272567749], ood_quantiles=[0.6408220529556274, 0.6610997915267944, 0.6707333326339722]
2025-09-08 08:38:07,923 - INFO - Boosted OOD loss: 0.7947
2025-09-08 08:38:07,923 - ERROR - Loss computation error: Feature dimension mismatch. Memory: 128, Features: 1. Ensure consistent dims upstream.
2025-09-08 08:38:07,925 - WARNING - Invalid total_loss: 0.0. Skipping batch.
2025-09-08 08:38:09,512 - INFO - Energy stats: β=32, min=0.0904, max=0.6978, mean=0.4418, id_mean=0.4219, ood_mean=0.4663, id_hist=[2000.0, 0.0, 0.0, 0.0, 0.0], ood_hist=[1626.0, 0.0, 0.0, 0.0, 0.0], id_quantiles=[0.17955684661865234, 0.40075579285621643, 0.6633148789405823], ood_quantiles=[0.16856476664543152, 0.6456791162490845, 0.6653381586074829]
2025-09-08 08:38:09,513 - INFO - Boosted OOD loss: 0.7894
2025-09-08 08:38:09,513 - ERROR - Loss computation error: Feature dimension mismatch. Memory: 128, Features: 1. Ensure consistent dims upstream.
2025-09-08 08:38:09,516 - WARNING - Invalid total_loss: 0.0. Skipping batch.
2025-09-08 08:38:10,055 - INFO - Energy stats: β=32, min=0.0433, max=0.6992, mean=0.3706, id_mean=0.3713, ood_mean=0.3699, id_hist=[2000.0, 0.0, 0.0, 0.0, 0.0], ood_hist=[2000.0, 0.0, 0.0, 0.0, 0.0], id_quantiles=[0.0811205506324768, 0.31397825479507446, 0.6629016399383545], ood_quantiles=[0.08190634846687317, 0.3529757559299469, 0.6629334688186646]
2025-09-08 08:38:10,057 - INFO - Boosted OOD loss: 0.7041
2025-09-08 08:38:10,057 - ERROR - Loss computation error: Feature dimension mismatch. Memory: 128, Features: 1. Ensure consistent dims upstream.
2025-09-08 08:38:10,060 - WARNING - Invalid total_loss: 0.0. Skipping batch.
2025-09-08 08:38:12,174 - INFO - Energy stats: β=32, min=0.0774, max=0.6967, mean=0.4816, id_mean=0.4479, ood_mean=0.5315, id_hist=[2000.0, 0.0, 0.0, 0.0, 0.0], ood_hist=[1350.0, 0.0, 0.0, 0.0, 0.0], id_quantiles=[0.22575731575489044, 0.4476512670516968, 0.665499746799469], ood_quantiles=[0.25374865531921387, 0.654612123966217, 0.6687753200531006]
2025-09-08 08:38:12,175 - INFO - Boosted OOD loss: 0.8419
2025-09-08 08:38:12,176 - ERROR - Loss computation error: Feature dimension mismatch. Memory: 128, Features: 1. Ensure consistent dims upstream.
2025-09-08 08:38:12,178 - WARNING - Invalid total_loss: 0.0. Skipping batch.
2025-09-08 08:38:17,439 - INFO - Energy stats: β=32, min=0.0433, max=0.6985, mean=0.4823, id_mean=0.4286, ood_mean=0.5740, id_hist=[2000.0, 0.0, 0.0, 0.0, 0.0], ood_hist=[1173.0, 0.0, 0.0, 0.0, 0.0], id_quantiles=[0.17802678048610687, 0.45086148381233215, 0.6665933132171631], ood_quantiles=[0.6388858556747437, 0.6595052480697632, 0.6697563529014587]
2025-09-08 08:38:17,440 - INFO - Boosted OOD loss: 0.8305
2025-09-08 08:38:17,441 - ERROR - Loss computation error: Feature dimension mismatch. Memory: 128, Features: 1. Ensure consistent dims upstream.
2025-09-08 08:38:17,443 - WARNING - Invalid total_loss: 0.0. Skipping batch.
2025-09-08 08:38:19,032 - INFO - Energy stats: β=32, min=0.0433, max=0.6973, mean=0.3928, id_mean=0.3819, ood_mean=0.4049, id_hist=[2000.0, 0.0, 0.0, 0.0, 0.0], ood_hist=[1797.0, 0.0, 0.0, 0.0, 0.0], id_quantiles=[0.10124047100543976, 0.37936729192733765, 0.6628251075744629], ood_quantiles=[0.08986318111419678, 0.6327430009841919, 0.6644469499588013]
2025-09-08 08:38:19,034 - INFO - Boosted OOD loss: 0.7270
2025-09-08 08:38:19,034 - ERROR - Loss computation error: Feature dimension mismatch. Memory: 128, Features: 1. Ensure consistent dims upstream.
2025-09-08 08:38:19,036 - WARNING - Invalid total_loss: 0.0. Skipping batch.
2025-09-08 08:38:19,572 - INFO - Energy stats: β=32, min=0.1359, max=0.6968, mean=0.5609, id_mean=0.5193, ood_mean=0.6417, id_hist=[2000.0, 0.0, 0.0, 0.0, 0.0], ood_hist=[1031.0, 0.0, 0.0, 0.0, 0.0], id_quantiles=[0.3882675766944885, 0.5007802248001099, 0.6674036979675293], ood_quantiles=[0.647419810295105, 0.6624724864959717, 0.6704509854316711]
2025-09-08 08:38:19,573 - INFO - Boosted OOD loss: 0.9640
2025-09-08 08:38:19,574 - ERROR - Loss computation error: Feature dimension mismatch. Memory: 128, Features: 1. Ensure consistent dims upstream.
2025-09-08 08:38:19,576 - WARNING - Invalid total_loss: 0.0. Skipping batch.
2025-09-08 08:38:23,791 - INFO - Energy stats: β=32, min=0.0485, max=0.6998, mean=0.3964, id_mean=0.3986, ood_mean=0.3942, id_hist=[2000.0, 0.0, 0.0, 0.0, 0.0], ood_hist=[2000.0, 0.0, 0.0, 0.0, 0.0], id_quantiles=[0.13510936498641968, 0.39927440881729126, 0.6628616452217102], ood_quantiles=[0.1298111379146576, 0.3536876440048218, 0.6624394655227661]
2025-09-08 08:38:23,792 - INFO - Boosted OOD loss: 0.7367
2025-09-08 08:38:23,793 - ERROR - Loss computation error: Feature dimension mismatch. Memory: 128, Features: 1. Ensure consistent dims upstream.
2025-09-08 08:38:23,795 - WARNING - Invalid total_loss: 0.0. Skipping batch.
2025-09-08 08:38:25,921 - INFO - Energy stats: β=32, min=0.0596, max=0.6974, mean=0.4504, id_mean=0.4120, ood_mean=0.5059, id_hist=[2000.0, 0.0, 0.0, 0.0, 0.0], ood_hist=[1384.0, 0.0, 0.0, 0.0, 0.0], id_quantiles=[0.16102012991905212, 0.3706727921962738, 0.6643915176391602], ood_quantiles=[0.14540281891822815, 0.6547377109527588, 0.6679521799087524]
2025-09-08 08:38:25,922 - INFO - Boosted OOD loss: 0.7897
2025-09-08 08:38:25,923 - ERROR - Loss computation error: Feature dimension mismatch. Memory: 128, Features: 1. Ensure consistent dims upstream.
2025-09-08 08:38:25,925 - WARNING - Invalid total_loss: 0.0. Skipping batch.
2025-09-08 08:38:29,098 - INFO - Energy stats: β=32, min=0.0433, max=0.7055, mean=0.3632, id_mean=0.3621, ood_mean=0.3643, id_hist=[2000.0, 0.0, 0.0, 0.0, 0.0], ood_hist=[2000.0, 0.0, 0.0, 0.0, 0.0], id_quantiles=[0.06360217928886414, 0.3195490539073944, 0.6626974940299988], ood_quantiles=[0.06671765446662903, 0.3043283224105835, 0.6621448993682861]
2025-09-08 08:38:29,099 - INFO - Boosted OOD loss: 0.6954
2025-09-08 08:38:29,099 - ERROR - Loss computation error: Feature dimension mismatch. Memory: 128, Features: 1. Ensure consistent dims upstream.
2025-09-08 08:38:29,102 - WARNING - Invalid total_loss: 0.0. Skipping batch.
2025-09-08 08:38:30,174 - INFO - Energy stats: β=32, min=0.0489, max=0.7022, mean=0.5006, id_mean=0.4503, ood_mean=0.5877, id_hist=[2000.0, 0.0, 0.0, 0.0, 0.0], ood_hist=[1153.0, 0.0, 0.0, 0.0, 0.0], id_quantiles=[0.24953867495059967, 0.44362175464630127, 0.665772557258606], ood_quantiles=[0.6408522129058838, 0.6594129800796509, 0.6695051193237305]
2025-09-08 08:38:30,176 - INFO - Boosted OOD loss: 0.8608
2025-09-08 08:38:30,176 - ERROR - Loss computation error: Feature dimension mismatch. Memory: 128, Features: 1. Ensure consistent dims upstream.
2025-09-08 08:38:30,178 - WARNING - Invalid total_loss: 0.0. Skipping batch.
2025-09-08 08:38:31,767 - INFO - Energy stats: β=32, min=0.0433, max=0.6945, mean=0.4685, id_mean=0.4224, ood_mean=0.5415, id_hist=[2000.0, 0.0, 0.0, 0.0, 0.0], ood_hist=[1264.0, 0.0, 0.0, 0.0, 0.0], id_quantiles=[0.17648640275001526, 0.41610562801361084, 0.6649475693702698], ood_quantiles=[0.6228463649749756, 0.6564880609512329, 0.668853759765625]
2025-09-08 08:38:31,768 - INFO - Boosted OOD loss: 0.8132
2025-09-08 08:38:31,768 - ERROR - Loss computation error: Feature dimension mismatch. Memory: 128, Features: 1. Ensure consistent dims upstream.
2025-09-08 08:38:31,771 - WARNING - Invalid total_loss: 0.0. Skipping batch.
2025-09-08 08:38:37,581 - INFO - Energy stats: β=32, min=0.0433, max=0.6988, mean=0.3936, id_mean=0.3854, ood_mean=0.4019, id_hist=[2000.0, 0.0, 0.0, 0.0, 0.0], ood_hist=[2000.0, 0.0, 0.0, 0.0, 0.0], id_quantiles=[0.1144149899482727, 0.35186755657196045, 0.6620391011238098], ood_quantiles=[0.15901514887809753, 0.40710949897766113, 0.662611722946167]
2025-09-08 08:38:37,583 - INFO - Boosted OOD loss: 0.7268
2025-09-08 08:38:37,583 - ERROR - Loss computation error: Feature dimension mismatch. Memory: 128, Features: 1. Ensure consistent dims upstream.
2025-09-08 08:38:37,586 - WARNING - Invalid total_loss: 0.0. Skipping batch.
2025-09-08 08:38:38,653 - INFO - Energy stats: β=32, min=0.0887, max=0.6985, mean=0.5322, id_mean=0.4832, ood_mean=0.6234, id_hist=[2000.0, 0.0, 0.0, 0.0, 0.0], ood_hist=[1074.0, 0.0, 0.0, 0.0, 0.0], id_quantiles=[0.3037455081939697, 0.48288172483444214, 0.6669083833694458], ood_quantiles=[0.6478438973426819, 0.6611963510513306, 0.6701473593711853]
2025-09-08 08:38:38,654 - INFO - Boosted OOD loss: 0.9116
2025-09-08 08:38:38,655 - ERROR - Loss computation error: Feature dimension mismatch. Memory: 128, Features: 1. Ensure consistent dims upstream.
2025-09-08 08:38:38,657 - WARNING - Invalid total_loss: 0.0. Skipping batch.
2025-09-08 08:38:40,247 - INFO - Energy stats: β=32, min=0.0457, max=0.7133, mean=0.5076, id_mean=0.4427, ood_mean=0.6316, id_hist=[2000.0, 0.0, 0.0, 0.0, 0.0], ood_hist=[1047.0, 0.0, 0.0, 0.0, 0.0], id_quantiles=[0.2218305468559265, 0.43745723366737366, 0.6672011613845825], ood_quantiles=[0.6467349529266357, 0.6617443561553955, 0.6704422235488892]
2025-09-08 08:38:40,248 - INFO - Boosted OOD loss: 0.8604
2025-09-08 08:38:40,248 - ERROR - Loss computation error: Feature dimension mismatch. Memory: 128, Features: 1. Ensure consistent dims upstream.
2025-09-08 08:38:40,251 - WARNING - Invalid total_loss: 0.0. Skipping batch.
2025-09-08 08:38:40,795 - INFO - Energy stats: β=32, min=0.0480, max=0.7038, mean=0.4210, id_mean=0.4030, ood_mean=0.4429, id_hist=[2000.0, 0.0, 0.0, 0.0, 0.0], ood_hist=[1640.0, 0.0, 0.0, 0.0, 0.0], id_quantiles=[0.14142625033855438, 0.36421069502830505, 0.6641552448272705], ood_quantiles=[0.10350185632705688, 0.6468908786773682, 0.6659023761749268]
2025-09-08 08:38:40,796 - INFO - Boosted OOD loss: 0.7623
2025-09-08 08:38:40,796 - ERROR - Loss computation error: Feature dimension mismatch. Memory: 128, Features: 1. Ensure consistent dims upstream.
2025-09-08 08:38:40,799 - WARNING - Invalid total_loss: 0.0. Skipping batch.
2025-09-08 08:38:41,343 - INFO - Energy stats: β=32, min=0.0486, max=0.7007, mean=0.4203, id_mean=0.4095, ood_mean=0.4327, id_hist=[2000.0, 0.0, 0.0, 0.0, 0.0], ood_hist=[1744.0, 0.0, 0.0, 0.0, 0.0], id_quantiles=[0.16280335187911987, 0.374031662940979, 0.6628424525260925], ood_quantiles=[0.1341460645198822, 0.6398245096206665, 0.6650272607803345]
2025-09-08 08:38:41,345 - INFO - Boosted OOD loss: 0.7638
2025-09-08 08:38:41,345 - ERROR - Loss computation error: Feature dimension mismatch. Memory: 128, Features: 1. Ensure consistent dims upstream.
2025-09-08 08:38:41,348 - WARNING - Invalid total_loss: 0.0. Skipping batch.
2025-09-08 08:38:41,890 - INFO - Energy stats: β=32, min=0.0433, max=0.7036, mean=0.4674, id_mean=0.3944, ood_mean=0.5992, id_hist=[2000.0, 0.0, 0.0, 0.0, 0.0], ood_hist=[1109.0, 0.0, 0.0, 0.0, 0.0], id_quantiles=[0.12325316667556763, 0.3885974884033203, 0.667116641998291], ood_quantiles=[0.6464155912399292, 0.6617317795753479, 0.6705098152160645]
2025-09-08 08:38:41,891 - INFO - Boosted OOD loss: 0.7928
2025-09-08 08:38:41,892 - ERROR - Loss computation error: Feature dimension mismatch. Memory: 128, Features: 1. Ensure consistent dims upstream.
2025-09-08 08:38:41,894 - WARNING - Invalid total_loss: 0.0. Skipping batch.
2025-09-08 08:38:44,549 - INFO - Energy stats: β=32, min=0.0433, max=0.7060, mean=0.4282, id_mean=0.3934, ood_mean=0.4755, id_hist=[2000.0, 0.0, 0.0, 0.0, 0.0], ood_hist=[1471.0, 0.0, 0.0, 0.0, 0.0], id_quantiles=[0.11993125081062317, 0.4085175096988678, 0.6643463373184204], ood_quantiles=[0.11248898506164551, 0.651454508304596, 0.6671819090843201]
2025-09-08 08:38:44,550 - INFO - Boosted OOD loss: 0.7617
2025-09-08 08:38:44,551 - ERROR - Loss computation error: Feature dimension mismatch. Memory: 128, Features: 1. Ensure consistent dims upstream.
2025-09-08 08:38:44,553 - WARNING - Invalid total_loss: 0.0. Skipping batch.
2025-09-08 08:38:45,099 - INFO - Energy stats: β=32, min=0.0558, max=0.7028, mean=0.5091, id_mean=0.4591, ood_mean=0.5974, id_hist=[2000.0, 0.0, 0.0, 0.0, 0.0], ood_hist=[1134.0, 0.0, 0.0, 0.0, 0.0], id_quantiles=[0.25241321325302124, 0.47317880392074585, 0.6670277714729309], ood_quantiles=[0.6409910917282104, 0.6610161066055298, 0.6707853674888611]
2025-09-08 08:38:45,100 - INFO - Boosted OOD loss: 0.8736
2025-09-08 08:38:45,100 - ERROR - Loss computation error: Feature dimension mismatch. Memory: 128, Features: 1. Ensure consistent dims upstream.
2025-09-08 08:38:45,103 - WARNING - Invalid total_loss: 0.0. Skipping batch.
2025-09-08 08:38:45,644 - INFO - Energy stats: β=32, min=0.0445, max=0.7031, mean=0.3821, id_mean=0.3851, ood_mean=0.3790, id_hist=[2000.0, 0.0, 0.0, 0.0, 0.0], ood_hist=[2000.0, 0.0, 0.0, 0.0, 0.0], id_quantiles=[0.1110488772392273, 0.3395870327949524, 0.6621364951133728], ood_quantiles=[0.09779572486877441, 0.39139479398727417, 0.6627042293548584]
2025-09-08 08:38:45,645 - INFO - Boosted OOD loss: 0.7202
2025-09-08 08:38:45,645 - ERROR - Loss computation error: Feature dimension mismatch. Memory: 128, Features: 1. Ensure consistent dims upstream.
2025-09-08 08:38:45,648 - WARNING - Invalid total_loss: 0.0. Skipping batch.
2025-09-08 08:38:46,718 - INFO - Energy stats: β=32, min=0.0711, max=0.6999, mean=0.4031, id_mean=0.4053, ood_mean=0.4009, id_hist=[2000.0, 0.0, 0.0, 0.0, 0.0], ood_hist=[2000.0, 0.0, 0.0, 0.0, 0.0], id_quantiles=[0.15175122022628784, 0.3825674057006836, 0.660437822341919], ood_quantiles=[0.1412205994129181, 0.38200676441192627, 0.6617040038108826]
2025-09-08 08:38:46,719 - INFO - Boosted OOD loss: 0.7472
2025-09-08 08:38:46,720 - ERROR - Loss computation error: Feature dimension mismatch. Memory: 128, Features: 1. Ensure consistent dims upstream.
2025-09-08 08:38:46,722 - WARNING - Invalid total_loss: 0.0. Skipping batch.
2025-09-08 08:38:48,327 - INFO - Energy stats: β=32, min=0.0433, max=0.7027, mean=0.4278, id_mean=0.3784, ood_mean=0.5012, id_hist=[2000.0, 0.0, 0.0, 0.0, 0.0], ood_hist=[1346.0, 0.0, 0.0, 0.0, 0.0], id_quantiles=[0.08039511740207672, 0.4291552007198334, 0.6656834483146667], ood_quantiles=[0.07458683848381042, 0.655372679233551, 0.6688910722732544]
2025-09-08 08:38:48,328 - INFO - Boosted OOD loss: 0.7559
2025-09-08 08:38:48,328 - ERROR - Loss computation error: Feature dimension mismatch. Memory: 128, Features: 1. Ensure consistent dims upstream.
2025-09-08 08:38:48,331 - WARNING - Invalid total_loss: 0.0. Skipping batch.
2025-09-08 08:38:49,412 - INFO - Energy stats: β=32, min=0.0586, max=0.7087, mean=0.4679, id_mean=0.4218, ood_mean=0.5402, id_hist=[2000.0, 0.0, 0.0, 0.0, 0.0], ood_hist=[1275.0, 0.0, 0.0, 0.0, 0.0], id_quantiles=[0.1747322678565979, 0.42311960458755493, 0.6644922494888306], ood_quantiles=[0.6157518029212952, 0.6572473645210266, 0.669295608997345]
2025-09-08 08:38:49,413 - INFO - Boosted OOD loss: 0.8115
2025-09-08 08:38:49,414 - ERROR - Loss computation error: Feature dimension mismatch. Memory: 128, Features: 1. Ensure consistent dims upstream.
2025-09-08 08:38:49,416 - WARNING - Invalid total_loss: 0.0. Skipping batch.
2025-09-08 08:38:54,744 - INFO - Energy stats: β=32, min=0.0963, max=0.7035, mean=0.5826, id_mean=0.5466, ood_mean=0.6541, id_hist=[2000.0, 0.0, 0.0, 0.0, 0.0], ood_hist=[1005.0, 0.0, 0.0, 0.0, 0.0], id_quantiles=[0.4279080629348755, 0.577328622341156, 0.6672235131263733], ood_quantiles=[0.6492218971252441, 0.6613959074020386, 0.67048579454422]
2025-09-08 08:38:54,745 - INFO - Boosted OOD loss: 1.0034
2025-09-08 08:38:54,746 - ERROR - Loss computation error: Feature dimension mismatch. Memory: 128, Features: 1. Ensure consistent dims upstream.
2025-09-08 08:38:54,748 - WARNING - Invalid total_loss: 0.0. Skipping batch.
2025-09-08 08:38:58,474 - INFO - Energy stats: β=32, min=0.0441, max=0.7035, mean=0.3821, id_mean=0.3901, ood_mean=0.3740, id_hist=[2000.0, 0.0, 0.0, 0.0, 0.0], ood_hist=[2000.0, 0.0, 0.0, 0.0, 0.0], id_quantiles=[0.09370195865631104, 0.39871034026145935, 0.6632579565048218], ood_quantiles=[0.09080785512924194, 0.3389889597892761, 0.6620235443115234]
2025-09-08 08:38:58,475 - INFO - Boosted OOD loss: 0.7255
2025-09-08 08:38:58,476 - ERROR - Loss computation error: Feature dimension mismatch. Memory: 128, Features: 1. Ensure consistent dims upstream.
2025-09-08 08:38:58,479 - WARNING - Invalid total_loss: 0.0. Skipping batch.
2025-09-08 08:38:59,556 - INFO - Energy stats: β=32, min=0.0498, max=0.6922, mean=0.4007, id_mean=0.4019, ood_mean=0.3995, id_hist=[2000.0, 0.0, 0.0, 0.0, 0.0], ood_hist=[2000.0, 0.0, 0.0, 0.0, 0.0], id_quantiles=[0.14401964843273163, 0.3728084862232208, 0.6622104644775391], ood_quantiles=[0.14028474688529968, 0.3788350820541382, 0.6626368761062622]
2025-09-08 08:38:59,557 - INFO - Boosted OOD loss: 0.7434
2025-09-08 08:38:59,557 - ERROR - Loss computation error: Feature dimension mismatch. Memory: 128, Features: 1. Ensure consistent dims upstream.
2025-09-08 08:38:59,560 - WARNING - Invalid total_loss: 0.0. Skipping batch.
2025-09-08 08:39:02,228 - INFO - Energy stats: β=32, min=0.0455, max=0.6998, mean=0.4928, id_mean=0.4358, ood_mean=0.5931, id_hist=[2000.0, 0.0, 0.0, 0.0, 0.0], ood_hist=[1135.0, 0.0, 0.0, 0.0, 0.0], id_quantiles=[0.204452782869339, 0.41759243607521057, 0.6665259599685669], ood_quantiles=[0.6433601975440979, 0.6601821780204773, 0.6697652339935303]
2025-09-08 08:39:02,230 - INFO - Boosted OOD loss: 0.8426
2025-09-08 08:39:02,230 - ERROR - Loss computation error: Feature dimension mismatch. Memory: 128, Features: 1. Ensure consistent dims upstream.
2025-09-08 08:39:02,233 - WARNING - Invalid total_loss: 0.0. Skipping batch.
