2025-09-08 08:00:26,849 - INFO - Initializing models...
2025-09-08 08:00:28,235 - INFO - Initializing training components...
2025-09-08 08:00:28,236 - INFO - Initializing advanced boosting components...
2025-09-08 08:00:28,236 - INFO - 
Building memory with β = 32...
2025-09-08 08:00:28,237 - INFO - Loading existing memory from ./checkpoints_pixel_wise_pebal_aligned/initial_memory_beta_32.pt
2025-09-08 08:00:28,255 - ERROR - Failed to initialize boosting: __init__() got an unexpected keyword argument 'id_features_full_full'
2025-09-08 08:00:28,416 - INFO - Monitoring - ID Mean: 0.143, OOD Mean: 0.146, Separation: 0.004
2025-09-08 08:00:28,417 - ERROR - Error during initial separation check: Low initial ID/OOD separation - rebuild memories
2025-09-08 08:00:28,417 - INFO - HopfieldBoostingManager initialized with aligned beta=32, lambda_ood=1.0
2025-09-08 08:00:28,417 - INFO - PixelWiseHopfieldTrainer initialization complete with β=32!
2025-09-08 08:00:28,418 - INFO - 
Starting Epoch 1/100
2025-09-08 08:00:28,419 - INFO - ============================================================
2025-09-08 08:00:28,420 - INFO - 
Updating Hopfield boosting weights at epoch 1...
2025-09-08 08:00:37,926 - INFO - Weights updated successfully
2025-09-08 08:00:39,218 - WARNING - Invalid total_loss: nan. Skipping batch.
2025-09-08 08:00:39,682 - ERROR - Loss computation error: CUDA error: device-side assert triggered
CUDA kernel errors might be asynchronously reported at some other API call, so the stacktrace below might be incorrect.
For debugging consider passing CUDA_LAUNCH_BLOCKING=1
Compile with `TORCH_USE_CUDA_DSA` to enable device-side assertions.

